0 verbose cli C:\Program Files\nodejs\node.exe C:\Program Files\nodejs\node_modules\npm\bin\npm-cli.js
1 info using npm@11.6.2
2 info using node@v24.12.0
3 silly config load:file:C:\Program Files\nodejs\node_modules\npm\npmrc
4 silly config load:file:D:\TKJ\parking-violation-portal\frontend\.npmrc
5 silly config load:file:C:\Users\Nova\.npmrc
6 silly config load:file:C:\Users\Nova\AppData\Roaming\npm\etc\npmrc
7 verbose title npm install
8 verbose argv "install" "--cache" "d:\\TKJ\\parking-violation-portal\\.npm-cache"
9 verbose logfile logs-max:10 dir:d:\TKJ\parking-violation-portal\.npm-cache\_logs\2026-06-21T09_21_37_765Z-
10 verbose logfile d:\TKJ\parking-violation-portal\.npm-cache\_logs\2026-06-21T09_21_37_765Z-debug-0.log
11 silly logfile done cleaning log files
12 silly packumentCache heap:2348810240 maxSize:587202560 maxEntrySize:293601280
13 silly idealTree buildDeps
14 silly fetch manifest @types/react@^18.3.3
15 silly packumentCache full:https://registry.npmjs.org/@types%2freact cache-miss
16 http fetch GET 200 https://registry.npmjs.org/@types%2freact 751ms (cache miss)
17 silly packumentCache full:https://registry.npmjs.org/@types%2freact set size:undefined disposed:false
18 silly fetch manifest @types/react-dom@^18.3.0
19 silly packumentCache full:https://registry.npmjs.org/@types%2freact-dom cache-miss
20 http fetch GET 200 https://registry.npmjs.org/@types%2freact-dom 114ms (cache miss)
21 silly packumentCache full:https://registry.npmjs.org/@types%2freact-dom set size:undefined disposed:false
22 silly placeDep ROOT @types/react@18.3.31 OK for: parking-violation-portal-frontend@0.1.0 want: ^18.3.3
23 silly placeDep ROOT @types/react-dom@18.3.7 OK for: parking-violation-portal-frontend@0.1.0 want: ^18.3.0
24 silly fetch manifest csstype@^3.2.2
25 silly packumentCache full:https://registry.npmjs.org/csstype cache-miss
26 silly fetch manifest @types/prop-types@*
27 silly packumentCache full:https://registry.npmjs.org/@types%2fprop-types cache-miss
28 http fetch GET 200 https://registry.npmjs.org/csstype 93ms (cache miss)
29 silly packumentCache full:https://registry.npmjs.org/csstype set size:undefined disposed:false
30 http fetch GET 200 https://registry.npmjs.org/@types%2fprop-types 188ms (cache miss)
31 silly packumentCache full:https://registry.npmjs.org/@types%2fprop-types set size:undefined disposed:false
32 silly placeDep ROOT @types/prop-types@15.7.15 OK for: @types/react@18.3.31 want: *
33 silly placeDep ROOT csstype@3.2.3 OK for: @types/react@18.3.31 want: ^3.2.2
34 silly reify moves {}
35 silly audit bulk request {
35 silly audit   '@babel/code-frame': [ '7.29.7' ],
35 silly audit   '@babel/compat-data': [ '7.29.7' ],
35 silly audit   '@babel/core': [ '7.29.7' ],
35 silly audit   '@babel/generator': [ '7.29.7' ],
35 silly audit   '@babel/helper-compilation-targets': [ '7.29.7' ],
35 silly audit   '@babel/helper-globals': [ '7.29.7' ],
35 silly audit   '@babel/helper-module-imports': [ '7.29.7' ],
35 silly audit   '@babel/helper-module-transforms': [ '7.29.7' ],
35 silly audit   '@babel/helper-plugin-utils': [ '7.29.7' ],
35 silly audit   '@babel/helper-string-parser': [ '7.29.7' ],
35 silly audit   '@babel/helper-validator-identifier': [ '7.29.7' ],
35 silly audit   '@babel/helper-validator-option': [ '7.29.7' ],
35 silly audit   '@babel/helpers': [ '7.29.7' ],
35 silly audit   '@babel/parser': [ '7.29.7' ],
35 silly audit   '@babel/plugin-transform-react-jsx-self': [ '7.29.7' ],
35 silly audit   '@babel/plugin-transform-react-jsx-source': [ '7.29.7' ],
35 silly audit   '@babel/template': [ '7.29.7' ],
35 silly audit   '@babel/traverse': [ '7.29.7' ],
35 silly audit   '@babel/types': [ '7.29.7' ],
35 silly audit   '@esbuild/aix-ppc64': [ '0.21.5' ],
35 silly audit   '@esbuild/android-arm': [ '0.21.5' ],
35 silly audit   '@esbuild/android-arm64': [ '0.21.5' ],
35 silly audit   '@esbuild/android-x64': [ '0.21.5' ],
35 silly audit   '@esbuild/darwin-arm64': [ '0.21.5' ],
35 silly audit   '@esbuild/darwin-x64': [ '0.21.5' ],
35 silly audit   '@esbuild/freebsd-arm64': [ '0.21.5' ],
35 silly audit   '@esbuild/freebsd-x64': [ '0.21.5' ],
35 silly audit   '@esbuild/linux-arm': [ '0.21.5' ],
35 silly audit   '@esbuild/linux-arm64': [ '0.21.5' ],
35 silly audit   '@esbuild/linux-ia32': [ '0.21.5' ],
35 silly audit   '@esbuild/linux-loong64': [ '0.21.5' ],
35 silly audit   '@esbuild/linux-mips64el': [ '0.21.5' ],
35 silly audit   '@esbuild/linux-ppc64': [ '0.21.5' ],
35 silly audit   '@esbuild/linux-riscv64': [ '0.21.5' ],
35 silly audit   '@esbuild/linux-s390x': [ '0.21.5' ],
35 silly audit   '@esbuild/linux-x64': [ '0.21.5' ],
35 silly audit   '@esbuild/netbsd-x64': [ '0.21.5' ],
35 silly audit   '@esbuild/openbsd-x64': [ '0.21.5' ],
35 silly audit   '@esbuild/sunos-x64': [ '0.21.5' ],
35 silly audit   '@esbuild/win32-arm64': [ '0.21.5' ],
35 silly audit   '@esbuild/win32-ia32': [ '0.21.5' ],
35 silly audit   '@esbuild/win32-x64': [ '0.21.5' ],
35 silly audit   '@jridgewell/gen-mapping': [ '0.3.13' ],
35 silly audit   '@jridgewell/remapping': [ '2.3.5' ],
35 silly audit   '@jridgewell/resolve-uri': [ '3.1.2' ],
35 silly audit   '@jridgewell/sourcemap-codec': [ '1.5.5' ],
35 silly audit   '@jridgewell/trace-mapping': [ '0.3.31' ],
35 silly audit   '@rolldown/pluginutils': [ '1.0.0-beta.27' ],
35 silly audit   '@rollup/rollup-android-arm-eabi': [ '4.62.2' ],
35 silly audit   '@rollup/rollup-android-arm64': [ '4.62.2' ],
35 silly audit   '@rollup/rollup-darwin-arm64': [ '4.62.2' ],
35 silly audit   '@rollup/rollup-darwin-x64': [ '4.62.2' ],
35 silly audit   '@rollup/rollup-freebsd-arm64': [ '4.62.2' ],
35 silly audit   '@rollup/rollup-freebsd-x64': [ '4.62.2' ],
35 silly audit   '@rollup/rollup-linux-arm-gnueabihf': [ '4.62.2' ],
35 silly audit   '@rollup/rollup-linux-arm-musleabihf': [ '4.62.2' ],
35 silly audit   '@rollup/rollup-linux-arm64-gnu': [ '4.62.2' ],
35 silly audit   '@rollup/rollup-linux-arm64-musl': [ '4.62.2' ],
35 silly audit   '@rollup/rollup-linux-loong64-gnu': [ '4.62.2' ],
35 silly audit   '@rollup/rollup-linux-loong64-musl': [ '4.62.2' ],
35 silly audit   '@rollup/rollup-linux-ppc64-gnu': [ '4.62.2' ],
35 silly audit   '@rollup/rollup-linux-ppc64-musl': [ '4.62.2' ],
35 silly audit   '@rollup/rollup-linux-riscv64-gnu': [ '4.62.2' ],
35 silly audit   '@rollup/rollup-linux-riscv64-musl': [ '4.62.2' ],
35 silly audit   '@rollup/rollup-linux-s390x-gnu': [ '4.62.2' ],
35 silly audit   '@rollup/rollup-linux-x64-gnu': [ '4.62.2' ],
35 silly audit   '@rollup/rollup-linux-x64-musl': [ '4.62.2' ],
35 silly audit   '@rollup/rollup-openbsd-x64': [ '4.62.2' ],
35 silly audit   '@rollup/rollup-openharmony-arm64': [ '4.62.2' ],
35 silly audit   '@rollup/rollup-win32-arm64-msvc': [ '4.62.2' ],
35 silly audit   '@rollup/rollup-win32-ia32-msvc': [ '4.62.2' ],
35 silly audit   '@rollup/rollup-win32-x64-gnu': [ '4.62.2' ],
35 silly audit   '@rollup/rollup-win32-x64-msvc': [ '4.62.2' ],
35 silly audit   '@types/babel__core': [ '7.20.5' ],
35 silly audit   '@types/babel__generator': [ '7.27.0' ],
35 silly audit   '@types/babel__template': [ '7.4.4' ],
35 silly audit   '@types/babel__traverse': [ '7.28.0' ],
35 silly audit   '@types/estree': [ '1.0.9' ],
35 silly audit   '@vitejs/plugin-react': [ '4.7.0' ],
35 silly audit   'baseline-browser-mapping': [ '2.10.38' ],
35 silly audit   browserslist: [ '4.28.2' ],
35 silly audit   'caniuse-lite': [ '1.0.30001799' ],
35 silly audit   'convert-source-map': [ '2.0.0' ],
35 silly audit   debug: [ '4.4.3' ],
35 silly audit   'electron-to-chromium': [ '1.5.376' ],
35 silly audit   esbuild: [ '0.21.5' ],
35 silly audit   escalade: [ '3.2.0' ],
35 silly audit   fsevents: [ '2.3.3' ],
35 silly audit   gensync: [ '1.0.0-beta.2' ],
35 silly audit   'js-tokens': [ '4.0.0' ],
35 silly audit   jsesc: [ '3.1.0' ],
35 silly audit   json5: [ '2.2.3' ],
35 silly audit   'loose-envify': [ '1.4.0' ],
35 silly audit   'lru-cache': [ '5.1.1' ],
35 silly audit   ms: [ '2.1.3' ],
35 silly audit   nanoid: [ '3.3.14' ],
35 silly audit   'node-releases': [ '2.0.48' ],
35 silly audit   picocolors: [ '1.1.1' ],
35 silly audit   postcss: [ '8.5.15' ],
35 silly audit   react: [ '18.3.1' ],
35 silly audit   'react-dom': [ '18.3.1' ],
35 silly audit   'react-refresh': [ '0.17.0' ],
35 silly audit   rollup: [ '4.62.2' ],
35 silly audit   scheduler: [ '0.23.2' ],
35 silly audit   semver: [ '6.3.1' ],
35 silly audit   'source-map-js': [ '1.2.1' ],
35 silly audit   typescript: [ '5.9.3' ],
35 silly audit   'update-browserslist-db': [ '1.2.3' ],
35 silly audit   vite: [ '5.4.21' ],
35 silly audit   yallist: [ '3.1.1' ],
35 silly audit   '@types/react': [ '18.3.31' ],
35 silly audit   '@types/react-dom': [ '18.3.7' ],
35 silly audit   '@types/prop-types': [ '15.7.15' ],
35 silly audit   csstype: [ '3.2.3' ]
35 silly audit }
36 http cache @types/prop-types@https://registry.npmjs.org/@types/prop-types/-/prop-types-15.7.15.tgz 0ms (cache hit)
37 http cache csstype@https://registry.npmjs.org/csstype/-/csstype-3.2.3.tgz 0ms (cache hit)
38 http cache @types/react@https://registry.npmjs.org/@types/react/-/react-18.3.31.tgz 0ms (cache hit)
39 silly tarball no local data for @types/prop-types@https://registry.npmjs.org/@types/prop-types/-/prop-types-15.7.15.tgz. Extracting by manifest.
40 http cache @types/react-dom@https://registry.npmjs.org/@types/react-dom/-/react-dom-18.3.7.tgz 0ms (cache hit)
41 silly tarball no local data for csstype@https://registry.npmjs.org/csstype/-/csstype-3.2.3.tgz. Extracting by manifest.
42 silly tarball no local data for @types/react@https://registry.npmjs.org/@types/react/-/react-18.3.31.tgz. Extracting by manifest.
43 silly tarball no local data for @types/react-dom@https://registry.npmjs.org/@types/react-dom/-/react-dom-18.3.7.tgz. Extracting by manifest.
44 http fetch GET 200 https://registry.npmjs.org/@types/prop-types/-/prop-types-15.7.15.tgz 117ms (cache miss)
45 http fetch POST 200 https://registry.npmjs.org/-/npm/v1/security/advisories/bulk 278ms
46 silly audit report {
46 silly audit report   esbuild: [
46 silly audit report     {
46 silly audit report       id: 1102341,
46 silly audit report       url: 'https://github.com/advisories/GHSA-67mh-4wv8-2f99',
46 silly audit report       title: 'esbuild enables any website to send any requests to the development server and read the response',
46 silly audit report       severity: 'moderate',
46 silly audit report       vulnerable_versions: '<=0.24.2',
46 silly audit report       cwe: [Array],
46 silly audit report       cvss: [Object]
46 silly audit report     }
46 silly audit report   ],
46 silly audit report   vite: [
46 silly audit report     {
46 silly audit report       id: 1120784,
46 silly audit report       url: 'https://github.com/advisories/GHSA-v6wh-96g9-6wx3',
46 silly audit report       title: 'launch-editor: NTLMv2 hash disclosure via UNC path handling on Windows',
46 silly audit report       severity: 'moderate',
46 silly audit report       vulnerable_versions: '<=6.4.2',
46 silly audit report       cwe: [Array],
46 silly audit report       cvss: [Object]
46 silly audit report     },
46 silly audit report     {
46 silly audit report       id: 1120789,
46 silly audit report       url: 'https://github.com/advisories/GHSA-fx2h-pf6j-xcff',
46 silly audit report       title: 'vite: `server.fs.deny` bypass on Windows alternate paths',
46 silly audit report       severity: 'high',
46 silly audit report       vulnerable_versions: '<=6.4.2',
46 silly audit report       cwe: [Array],
46 silly audit report       cvss: [Object]
46 silly audit report     },
46 silly audit report     {
46 silly audit report       id: 1116229,
46 silly audit report       url: 'https://github.com/advisories/GHSA-4w7w-66w2-5vf9',
46 silly audit report       title: 'Vite Vulnerable to Path Traversal in Optimized Deps `.map` Handling',
46 silly audit report       severity: 'moderate',
46 silly audit report       vulnerable_versions: '<=6.4.1',
46 silly audit report       cwe: [Array],
46 silly audit report       cvss: [Object]
46 silly audit report     }
46 silly audit report   ]
46 silly audit report }
47 silly packumentCache corgi:https://registry.npmjs.org/esbuild cache-miss
48 silly packumentCache corgi:https://registry.npmjs.org/vite cache-miss
49 http fetch GET 200 https://registry.npmjs.org/@types/react-dom/-/react-dom-18.3.7.tgz 362ms (cache miss)
50 http fetch GET 200 https://registry.npmjs.org/esbuild 149ms (cache revalidated)
51 silly packumentCache corgi:https://registry.npmjs.org/esbuild set size:887361 disposed:false
52 http fetch GET 200 https://registry.npmjs.org/vite 192ms (cache revalidated)
53 silly packumentCache corgi:https://registry.npmjs.org/vite set size:2264592 disposed:false
54 silly packumentCache corgi:https://registry.npmjs.org/@vitejs%2fplugin-react cache-miss
55 http fetch GET 200 https://registry.npmjs.org/csstype/-/csstype-3.2.3.tgz 726ms (cache miss)
56 http fetch GET 200 https://registry.npmjs.org/@types/react/-/react-18.3.31.tgz 732ms (cache miss)
57 http fetch GET 200 https://registry.npmjs.org/@vitejs%2fplugin-react 274ms (cache revalidated)
58 silly packumentCache corgi:https://registry.npmjs.org/@vitejs%2fplugin-react set size:113751 disposed:false
59 silly ADD node_modules/csstype
60 silly ADD node_modules/@types/prop-types
61 silly ADD node_modules/@types/react-dom
62 silly ADD node_modules/@types/react
63 verbose cwd D:\TKJ\parking-violation-portal\frontend
64 verbose os Windows_NT 10.0.26100
65 verbose node v24.12.0
66 verbose npm  v11.6.2
67 verbose exit 0
68 info ok
