0 verbose cli C:\Program Files\nodejs\node.exe C:\Program Files\nodejs\node_modules\npm\bin\npm-cli.js
1 info using npm@11.6.2
2 info using node@v24.12.0
3 silly config load:file:C:\Program Files\nodejs\node_modules\npm\npmrc
4 silly config load:file:D:\TKJ\parking-violation-portal\frontend\.npmrc
5 silly config load:file:C:\Users\Nova\.npmrc
6 silly config load:file:C:\Users\Nova\AppData\Roaming\npm\etc\npmrc
7 verbose title npm install
8 verbose argv "install" "--cache" "d:\\TKJ\\parking-violation-portal\\.npm-cache"
9 verbose logfile logs-max:10 dir:d:\TKJ\parking-violation-portal\.npm-cache\_logs\2026-06-21T09_14_00_189Z-
10 verbose logfile d:\TKJ\parking-violation-portal\.npm-cache\_logs\2026-06-21T09_14_00_189Z-debug-0.log
11 silly logfile done cleaning log files
12 silly packumentCache heap:2348810240 maxSize:587202560 maxEntrySize:293601280
13 silly idealTree buildDeps
14 silly fetch manifest react@^18.3.1
15 silly packumentCache full:https://registry.npmjs.org/react cache-miss
16 http fetch GET 200 https://registry.npmjs.org/npm 494ms
17 http fetch GET 200 https://registry.npmjs.org/react 807ms (cache miss)
18 silly packumentCache full:https://registry.npmjs.org/react set size:undefined disposed:false
19 silly fetch manifest react-dom@^18.3.1
20 silly packumentCache full:https://registry.npmjs.org/react-dom cache-miss
21 http fetch GET 200 https://registry.npmjs.org/react-dom 436ms (cache miss)
22 silly packumentCache full:https://registry.npmjs.org/react-dom set size:undefined disposed:false
23 silly fetch manifest @vitejs/plugin-react@^4.3.1
24 silly packumentCache full:https://registry.npmjs.org/@vitejs%2fplugin-react cache-miss
25 http fetch GET 200 https://registry.npmjs.org/@vitejs%2fplugin-react 98ms (cache miss)
26 silly packumentCache full:https://registry.npmjs.org/@vitejs%2fplugin-react set size:undefined disposed:false
27 silly fetch manifest vite@^5.4.2
28 silly packumentCache full:https://registry.npmjs.org/vite cache-miss
29 http fetch GET 200 https://registry.npmjs.org/vite 1929ms (cache miss)
30 silly packumentCache full:https://registry.npmjs.org/vite set size:undefined disposed:false
31 silly fetch manifest @types/node@^18.0.0 || >=20.0.0
32 silly packumentCache full:https://registry.npmjs.org/@types%2fnode cache-miss
33 http fetch GET 200 https://registry.npmjs.org/@types%2fnode 431ms (cache miss)
34 silly packumentCache full:https://registry.npmjs.org/@types%2fnode set size:undefined disposed:false
35 silly fetch manifest less@*
36 silly packumentCache full:https://registry.npmjs.org/less cache-miss
37 http fetch GET 200 https://registry.npmjs.org/less 92ms (cache miss)
38 silly packumentCache full:https://registry.npmjs.org/less set size:undefined disposed:false
39 silly fetch manifest lightningcss@^1.21.0
40 silly packumentCache full:https://registry.npmjs.org/lightningcss cache-miss
41 http fetch GET 200 https://registry.npmjs.org/lightningcss 73ms (cache miss)
42 silly packumentCache full:https://registry.npmjs.org/lightningcss set size:undefined disposed:false
43 silly fetch manifest sass@*
44 silly packumentCache full:https://registry.npmjs.org/sass cache-miss
45 http fetch GET 200 https://registry.npmjs.org/sass 132ms (cache miss)
46 silly packumentCache full:https://registry.npmjs.org/sass set size:undefined disposed:false
47 silly fetch manifest sass-embedded@*
48 silly packumentCache full:https://registry.npmjs.org/sass-embedded cache-miss
49 http fetch GET 200 https://registry.npmjs.org/sass-embedded 75ms (cache miss)
50 silly packumentCache full:https://registry.npmjs.org/sass-embedded set size:undefined disposed:false
51 silly fetch manifest stylus@*
52 silly packumentCache full:https://registry.npmjs.org/stylus cache-miss
53 http fetch GET 200 https://registry.npmjs.org/stylus 78ms (cache miss)
54 silly packumentCache full:https://registry.npmjs.org/stylus set size:undefined disposed:false
55 silly fetch manifest sugarss@*
56 silly packumentCache full:https://registry.npmjs.org/sugarss cache-miss
57 http fetch GET 200 https://registry.npmjs.org/sugarss 56ms (cache miss)
58 silly packumentCache full:https://registry.npmjs.org/sugarss set size:undefined disposed:false
59 silly fetch manifest postcss@^8.3.3
60 silly packumentCache full:https://registry.npmjs.org/postcss cache-miss
61 http fetch GET 200 https://registry.npmjs.org/postcss 122ms (cache miss)
62 silly packumentCache full:https://registry.npmjs.org/postcss set size:undefined disposed:false
63 silly fetch manifest terser@^5.4.0
64 silly packumentCache full:https://registry.npmjs.org/terser cache-miss
65 http fetch GET 200 https://registry.npmjs.org/terser 110ms (cache miss)
66 silly packumentCache full:https://registry.npmjs.org/terser set size:undefined disposed:false
67 silly fetch manifest typescript@^5.5.4
68 silly packumentCache full:https://registry.npmjs.org/typescript cache-miss
69 http fetch GET 200 https://registry.npmjs.org/typescript 581ms (cache miss)
70 silly packumentCache full:https://registry.npmjs.org/typescript set size:undefined disposed:false
71 silly placeDep ROOT @vitejs/plugin-react@4.7.0 OK for: parking-violation-portal-frontend@0.1.0 want: ^4.3.1
72 silly placeDep ROOT vite@5.4.21 OK for: @vitejs/plugin-react@4.7.0 want: ^4.2.0 || ^5.0.0 || ^6.0.0 || ^7.0.0
73 silly placeDep ROOT react@18.3.1 OK for: parking-violation-portal-frontend@0.1.0 want: ^18.3.1
74 silly placeDep ROOT react-dom@18.3.1 OK for: parking-violation-portal-frontend@0.1.0 want: ^18.3.1
75 silly placeDep ROOT typescript@5.9.3 OK for: parking-violation-portal-frontend@0.1.0 want: ^5.5.4
76 silly fetch manifest @babel/core@^7.28.0
77 silly packumentCache full:https://registry.npmjs.org/@babel%2fcore cache-miss
78 silly fetch manifest react-refresh@^0.17.0
79 silly packumentCache full:https://registry.npmjs.org/react-refresh cache-miss
80 silly fetch manifest @types/babel__core@^7.20.5
81 silly packumentCache full:https://registry.npmjs.org/@types%2fbabel__core cache-miss
82 silly fetch manifest @rolldown/pluginutils@1.0.0-beta.27
83 silly packumentCache full:https://registry.npmjs.org/@rolldown%2fpluginutils cache-miss
84 silly fetch manifest @babel/plugin-transform-react-jsx-self@^7.27.1
85 silly packumentCache full:https://registry.npmjs.org/@babel%2fplugin-transform-react-jsx-self cache-miss
86 silly fetch manifest @babel/plugin-transform-react-jsx-source@^7.27.1
87 silly packumentCache full:https://registry.npmjs.org/@babel%2fplugin-transform-react-jsx-source cache-miss
88 silly fetch manifest rollup@^4.20.0
89 silly packumentCache full:https://registry.npmjs.org/rollup cache-miss
90 http fetch GET 200 https://registry.npmjs.org/@babel%2fcore 135ms (cache miss)
91 silly packumentCache full:https://registry.npmjs.org/@babel%2fcore set size:undefined disposed:false
92 silly fetch manifest esbuild@^0.21.3
93 silly packumentCache full:https://registry.npmjs.org/esbuild cache-miss
94 http fetch GET 200 https://registry.npmjs.org/@types%2fbabel__core 181ms (cache miss)
95 silly packumentCache full:https://registry.npmjs.org/@types%2fbabel__core set size:undefined disposed:false
96 silly fetch manifest postcss@^8.4.43
97 silly packumentCache full:https://registry.npmjs.org/postcss cache-miss
98 http cache https://registry.npmjs.org/postcss 27ms (cache hit)
99 silly packumentCache full:https://registry.npmjs.org/postcss set size:723316 disposed:false
100 silly fetch manifest fsevents@~2.3.3
101 silly packumentCache full:https://registry.npmjs.org/fsevents cache-miss
102 http fetch GET 200 https://registry.npmjs.org/@babel%2fplugin-transform-react-jsx-self 235ms (cache miss)
103 silly packumentCache full:https://registry.npmjs.org/@babel%2fplugin-transform-react-jsx-self set size:undefined disposed:false
104 silly fetch manifest loose-envify@^1.1.0
105 silly packumentCache full:https://registry.npmjs.org/loose-envify cache-miss
106 http fetch GET 200 https://registry.npmjs.org/@rolldown%2fpluginutils 258ms (cache miss)
107 silly packumentCache full:https://registry.npmjs.org/@rolldown%2fpluginutils set size:undefined disposed:false
108 silly fetch manifest scheduler@^0.23.2
109 silly packumentCache full:https://registry.npmjs.org/scheduler cache-miss
110 http fetch GET 200 https://registry.npmjs.org/fsevents 73ms (cache miss)
111 silly packumentCache full:https://registry.npmjs.org/fsevents set size:undefined disposed:false
112 silly fetch manifest loose-envify@^1.1.0
113 silly packumentCache full:https://registry.npmjs.org/loose-envify cache-miss
114 http fetch GET 200 https://registry.npmjs.org/loose-envify 66ms (cache miss)
115 silly packumentCache full:https://registry.npmjs.org/loose-envify set size:undefined disposed:false
116 http fetch GET 200 https://registry.npmjs.org/@babel%2fplugin-transform-react-jsx-source 332ms (cache miss)
117 silly packumentCache full:https://registry.npmjs.org/@babel%2fplugin-transform-react-jsx-source set size:undefined disposed:false
118 http fetch GET 200 https://registry.npmjs.org/loose-envify 64ms (cache miss)
119 silly packumentCache full:https://registry.npmjs.org/loose-envify set size:undefined disposed:false
120 http fetch GET 200 https://registry.npmjs.org/rollup 440ms (cache miss)
121 silly packumentCache full:https://registry.npmjs.org/rollup set size:undefined disposed:false
122 http fetch GET 200 https://registry.npmjs.org/esbuild 388ms (cache miss)
123 silly packumentCache full:https://registry.npmjs.org/esbuild set size:undefined disposed:false
124 http fetch GET 200 https://registry.npmjs.org/react-refresh 553ms (cache miss)
125 silly packumentCache full:https://registry.npmjs.org/react-refresh set size:undefined disposed:false
126 http fetch GET 200 https://registry.npmjs.org/scheduler 443ms (cache miss)
127 silly packumentCache full:https://registry.npmjs.org/scheduler set size:undefined disposed:false
128 silly placeDep ROOT @babel/core@7.29.7 OK for: @vitejs/plugin-react@4.7.0 want: ^7.28.0
129 silly placeDep ROOT @babel/plugin-transform-react-jsx-self@7.29.7 OK for: @vitejs/plugin-react@4.7.0 want: ^7.27.1
130 silly placeDep ROOT @babel/plugin-transform-react-jsx-source@7.29.7 OK for: @vitejs/plugin-react@4.7.0 want: ^7.27.1
131 silly placeDep ROOT @rolldown/pluginutils@1.0.0-beta.27 OK for: @vitejs/plugin-react@4.7.0 want: 1.0.0-beta.27
132 silly placeDep ROOT @types/babel__core@7.20.5 OK for: @vitejs/plugin-react@4.7.0 want: ^7.20.5
133 silly placeDep ROOT react-refresh@0.17.0 OK for: @vitejs/plugin-react@4.7.0 want: ^0.17.0
134 silly fetch manifest debug@^4.1.0
135 silly packumentCache full:https://registry.npmjs.org/debug cache-miss
136 silly fetch manifest json5@^2.2.3
137 silly packumentCache full:https://registry.npmjs.org/json5 cache-miss
138 silly fetch manifest semver@^6.3.1
139 silly packumentCache full:https://registry.npmjs.org/semver cache-miss
140 silly fetch manifest gensync@^1.0.0-beta.2
141 silly packumentCache full:https://registry.npmjs.org/gensync cache-miss
142 silly fetch manifest @babel/types@^7.29.7
143 silly packumentCache full:https://registry.npmjs.org/@babel%2ftypes cache-miss
144 silly fetch manifest @babel/parser@^7.29.7
145 silly packumentCache full:https://registry.npmjs.org/@babel%2fparser cache-miss
146 silly fetch manifest @babel/helpers@^7.29.7
147 silly packumentCache full:https://registry.npmjs.org/@babel%2fhelpers cache-miss
148 http fetch GET 200 https://registry.npmjs.org/debug 69ms (cache miss)
149 silly packumentCache full:https://registry.npmjs.org/debug set size:undefined disposed:false
150 silly fetch manifest @babel/template@^7.29.7
151 silly packumentCache full:https://registry.npmjs.org/@babel%2ftemplate cache-miss
152 http fetch GET 200 https://registry.npmjs.org/json5 74ms (cache miss)
153 silly packumentCache full:https://registry.npmjs.org/json5 set size:undefined disposed:false
154 silly fetch manifest @babel/traverse@^7.29.7
155 silly packumentCache full:https://registry.npmjs.org/@babel%2ftraverse cache-miss
156 http fetch GET 200 https://registry.npmjs.org/gensync 88ms (cache miss)
157 silly packumentCache full:https://registry.npmjs.org/gensync set size:undefined disposed:false
158 silly fetch manifest @babel/generator@^7.29.7
159 silly packumentCache full:https://registry.npmjs.org/@babel%2fgenerator cache-miss
160 http fetch GET 200 https://registry.npmjs.org/semver 95ms (cache miss)
161 silly packumentCache full:https://registry.npmjs.org/semver set size:undefined disposed:false
162 silly fetch manifest @babel/code-frame@^7.29.7
163 silly packumentCache full:https://registry.npmjs.org/@babel%2fcode-frame cache-miss
164 http fetch GET 200 https://registry.npmjs.org/@babel%2fhelpers 111ms (cache miss)
165 silly packumentCache full:https://registry.npmjs.org/@babel%2fhelpers set size:undefined disposed:false
166 silly fetch manifest convert-source-map@^2.0.0
167 silly packumentCache full:https://registry.npmjs.org/convert-source-map cache-miss
168 http fetch GET 200 https://registry.npmjs.org/@babel%2ftypes 143ms (cache miss)
169 silly packumentCache full:https://registry.npmjs.org/@babel%2ftypes set size:undefined disposed:false
170 silly fetch manifest @jridgewell/remapping@^2.3.5
171 silly packumentCache full:https://registry.npmjs.org/@jridgewell%2fremapping cache-miss
172 http fetch GET 200 https://registry.npmjs.org/@babel%2fparser 178ms (cache miss)
173 silly packumentCache full:https://registry.npmjs.org/@babel%2fparser set size:undefined disposed:false
174 silly fetch manifest @babel/helper-module-transforms@^7.29.7
175 silly packumentCache full:https://registry.npmjs.org/@babel%2fhelper-module-transforms cache-miss
176 http fetch GET 200 https://registry.npmjs.org/@babel%2ftemplate 127ms (cache miss)
177 silly packumentCache full:https://registry.npmjs.org/@babel%2ftemplate set size:undefined disposed:false
178 silly fetch manifest @babel/helper-compilation-targets@^7.29.7
179 silly packumentCache full:https://registry.npmjs.org/@babel%2fhelper-compilation-targets cache-miss
180 http fetch GET 200 https://registry.npmjs.org/convert-source-map 96ms (cache miss)
181 silly packumentCache full:https://registry.npmjs.org/convert-source-map set size:undefined disposed:false
182 silly fetch manifest @babel/helper-plugin-utils@^7.29.7
183 silly packumentCache full:https://registry.npmjs.org/@babel%2fhelper-plugin-utils cache-miss
184 http fetch GET 200 https://registry.npmjs.org/@babel%2fgenerator 126ms (cache miss)
185 silly packumentCache full:https://registry.npmjs.org/@babel%2fgenerator set size:undefined disposed:false
186 silly fetch manifest @babel/helper-plugin-utils@^7.29.7
187 silly packumentCache full:https://registry.npmjs.org/@babel%2fhelper-plugin-utils cache-miss
188 http fetch GET 200 https://registry.npmjs.org/@babel%2ftraverse 149ms (cache miss)
189 silly packumentCache full:https://registry.npmjs.org/@babel%2ftraverse set size:undefined disposed:false
190 silly fetch manifest @babel/types@^7.20.7
191 silly packumentCache full:https://registry.npmjs.org/@babel%2ftypes cache-miss
192 http fetch GET 200 https://registry.npmjs.org/@babel%2fcode-frame 129ms (cache miss)
193 silly packumentCache full:https://registry.npmjs.org/@babel%2fcode-frame set size:undefined disposed:false
194 silly fetch manifest @babel/parser@^7.20.7
195 silly packumentCache full:https://registry.npmjs.org/@babel%2fparser cache-miss
196 http cache https://registry.npmjs.org/@babel%2fparser 14ms (cache hit)
197 silly packumentCache full:https://registry.npmjs.org/@babel%2fparser set size:732981 disposed:false
198 silly fetch manifest @types/babel__template@*
199 silly packumentCache full:https://registry.npmjs.org/@types%2fbabel__template cache-miss
200 http cache https://registry.npmjs.org/@babel%2ftypes 32ms (cache hit)
201 silly packumentCache full:https://registry.npmjs.org/@babel%2ftypes set size:498480 disposed:false
202 silly fetch manifest @types/babel__traverse@*
203 silly packumentCache full:https://registry.npmjs.org/@types%2fbabel__traverse cache-miss
204 http fetch GET 200 https://registry.npmjs.org/@jridgewell%2fremapping 132ms (cache miss)
205 silly packumentCache full:https://registry.npmjs.org/@jridgewell%2fremapping set size:undefined disposed:false
206 silly fetch manifest @types/babel__generator@*
207 silly packumentCache full:https://registry.npmjs.org/@types%2fbabel__generator cache-miss
208 http fetch GET 200 https://registry.npmjs.org/@babel%2fhelper-module-transforms 106ms (cache miss)
209 silly packumentCache full:https://registry.npmjs.org/@babel%2fhelper-module-transforms set size:undefined disposed:false
210 http fetch GET 200 https://registry.npmjs.org/@babel%2fhelper-compilation-targets 96ms (cache miss)
211 silly packumentCache full:https://registry.npmjs.org/@babel%2fhelper-compilation-targets set size:undefined disposed:false
212 http fetch GET 200 https://registry.npmjs.org/@babel%2fhelper-plugin-utils 95ms (cache miss)
213 silly packumentCache full:https://registry.npmjs.org/@babel%2fhelper-plugin-utils set size:undefined disposed:false
214 http fetch GET 200 https://registry.npmjs.org/@babel%2fhelper-plugin-utils 91ms (cache miss)
215 silly packumentCache full:https://registry.npmjs.org/@babel%2fhelper-plugin-utils set size:undefined disposed:false
216 http fetch GET 200 https://registry.npmjs.org/@types%2fbabel__template 61ms (cache miss)
217 silly packumentCache full:https://registry.npmjs.org/@types%2fbabel__template set size:undefined disposed:false
218 http fetch GET 200 https://registry.npmjs.org/@types%2fbabel__traverse 94ms (cache miss)
219 silly packumentCache full:https://registry.npmjs.org/@types%2fbabel__traverse set size:undefined disposed:false
220 http fetch GET 200 https://registry.npmjs.org/@types%2fbabel__generator 82ms (cache miss)
221 silly packumentCache full:https://registry.npmjs.org/@types%2fbabel__generator set size:undefined disposed:false
222 silly fetch manifest @babel/core@^7.0.0
223 silly packumentCache full:https://registry.npmjs.org/@babel%2fcore cache-miss
224 http cache https://registry.npmjs.org/@babel%2fcore 7ms (cache hit)
225 silly packumentCache full:https://registry.npmjs.org/@babel%2fcore set size:788258 disposed:false
226 silly placeDep ROOT @babel/code-frame@7.29.7 OK for: @babel/core@7.29.7 want: ^7.29.7
227 silly placeDep ROOT @babel/generator@7.29.7 OK for: @babel/core@7.29.7 want: ^7.29.7
228 silly placeDep ROOT @babel/helper-compilation-targets@7.29.7 OK for: @babel/core@7.29.7 want: ^7.29.7
229 silly placeDep ROOT @babel/helper-module-transforms@7.29.7 OK for: @babel/core@7.29.7 want: ^7.29.7
230 silly placeDep ROOT @babel/helpers@7.29.7 OK for: @babel/core@7.29.7 want: ^7.29.7
231 silly placeDep ROOT @babel/parser@7.29.7 OK for: @babel/core@7.29.7 want: ^7.29.7
232 silly placeDep ROOT @babel/template@7.29.7 OK for: @babel/core@7.29.7 want: ^7.29.7
233 silly placeDep ROOT @babel/traverse@7.29.7 OK for: @babel/core@7.29.7 want: ^7.29.7
234 silly placeDep ROOT @babel/types@7.29.7 OK for: @babel/core@7.29.7 want: ^7.29.7
235 silly placeDep ROOT @jridgewell/remapping@2.3.5 OK for: @babel/core@7.29.7 want: ^2.3.5
236 silly placeDep ROOT convert-source-map@2.0.0 OK for: @babel/core@7.29.7 want: ^2.0.0
237 silly placeDep ROOT debug@4.4.3 OK for: @babel/core@7.29.7 want: ^4.1.0
238 silly placeDep ROOT gensync@1.0.0-beta.2 OK for: @babel/core@7.29.7 want: ^1.0.0-beta.2
239 silly placeDep ROOT json5@2.2.3 OK for: @babel/core@7.29.7 want: ^2.2.3
240 silly placeDep ROOT semver@6.3.1 OK for: @babel/core@7.29.7 want: ^6.3.1
241 silly fetch manifest js-tokens@^4.0.0
242 silly packumentCache full:https://registry.npmjs.org/js-tokens cache-miss
243 silly fetch manifest picocolors@^1.1.1
244 silly packumentCache full:https://registry.npmjs.org/picocolors cache-miss
245 silly fetch manifest @babel/helper-validator-identifier@^7.29.7
246 silly packumentCache full:https://registry.npmjs.org/@babel%2fhelper-validator-identifier cache-miss
247 silly fetch manifest jsesc@^3.0.2
248 silly packumentCache full:https://registry.npmjs.org/jsesc cache-miss
249 silly fetch manifest @jridgewell/gen-mapping@^0.3.12
250 silly packumentCache full:https://registry.npmjs.org/@jridgewell%2fgen-mapping cache-miss
251 silly fetch manifest @jridgewell/trace-mapping@^0.3.28
252 silly packumentCache full:https://registry.npmjs.org/@jridgewell%2ftrace-mapping cache-miss
253 silly fetch manifest lru-cache@^5.1.1
254 silly packumentCache full:https://registry.npmjs.org/lru-cache cache-miss
255 http fetch GET 200 https://registry.npmjs.org/js-tokens 84ms (cache miss)
256 silly packumentCache full:https://registry.npmjs.org/js-tokens set size:undefined disposed:false
257 silly fetch manifest browserslist@^4.24.0
258 silly packumentCache full:https://registry.npmjs.org/browserslist cache-miss
259 http fetch GET 200 https://registry.npmjs.org/picocolors 87ms (cache miss)
260 silly packumentCache full:https://registry.npmjs.org/picocolors set size:undefined disposed:false
261 silly fetch manifest @babel/compat-data@^7.29.7
262 silly packumentCache full:https://registry.npmjs.org/@babel%2fcompat-data cache-miss
263 http fetch GET 200 https://registry.npmjs.org/jsesc 111ms (cache miss)
264 silly packumentCache full:https://registry.npmjs.org/jsesc set size:undefined disposed:false
265 silly fetch manifest @babel/helper-validator-option@^7.29.7
266 silly packumentCache full:https://registry.npmjs.org/@babel%2fhelper-validator-option cache-miss
267 http fetch GET 200 https://registry.npmjs.org/@jridgewell%2fgen-mapping 116ms (cache miss)
268 silly packumentCache full:https://registry.npmjs.org/@jridgewell%2fgen-mapping set size:undefined disposed:false
269 silly fetch manifest @babel/helper-module-imports@^7.29.7
270 silly packumentCache full:https://registry.npmjs.org/@babel%2fhelper-module-imports cache-miss
271 http fetch GET 200 https://registry.npmjs.org/@babel%2fhelper-validator-identifier 122ms (cache miss)
272 silly packumentCache full:https://registry.npmjs.org/@babel%2fhelper-validator-identifier set size:undefined disposed:false
273 silly fetch manifest debug@^4.3.1
274 silly packumentCache full:https://registry.npmjs.org/debug cache-miss
275 http fetch GET 200 https://registry.npmjs.org/@jridgewell%2ftrace-mapping 124ms (cache miss)
276 silly packumentCache full:https://registry.npmjs.org/@jridgewell%2ftrace-mapping set size:undefined disposed:false
277 silly fetch manifest @babel/helper-globals@^7.29.7
278 silly packumentCache full:https://registry.npmjs.org/@babel%2fhelper-globals cache-miss
279 http fetch GET 200 https://registry.npmjs.org/lru-cache 136ms (cache miss)
280 silly packumentCache full:https://registry.npmjs.org/lru-cache set size:undefined disposed:false
281 silly fetch manifest @babel/helper-string-parser@^7.29.7
282 silly packumentCache full:https://registry.npmjs.org/@babel%2fhelper-string-parser cache-miss
283 http cache https://registry.npmjs.org/debug 28ms (cache hit)
284 silly packumentCache full:https://registry.npmjs.org/debug set size:195840 disposed:false
285 silly fetch manifest @jridgewell/gen-mapping@^0.3.5
286 silly packumentCache full:https://registry.npmjs.org/@jridgewell%2fgen-mapping cache-miss
287 http cache https://registry.npmjs.org/@jridgewell%2fgen-mapping 6ms (cache hit)
288 silly packumentCache full:https://registry.npmjs.org/@jridgewell%2fgen-mapping set size:75941 disposed:false
289 silly fetch manifest @jridgewell/trace-mapping@^0.3.24
290 silly packumentCache full:https://registry.npmjs.org/@jridgewell%2ftrace-mapping cache-miss
291 http cache https://registry.npmjs.org/@jridgewell%2ftrace-mapping 11ms (cache hit)
292 silly packumentCache full:https://registry.npmjs.org/@jridgewell%2ftrace-mapping set size:170909 disposed:false
293 silly fetch manifest ms@^2.1.3
294 silly packumentCache full:https://registry.npmjs.org/ms cache-miss
295 http fetch GET 200 https://registry.npmjs.org/@babel%2fcompat-data 104ms (cache miss)
296 silly packumentCache full:https://registry.npmjs.org/@babel%2fcompat-data set size:undefined disposed:false
297 http fetch GET 200 https://registry.npmjs.org/browserslist 113ms (cache miss)
298 silly packumentCache full:https://registry.npmjs.org/browserslist set size:undefined disposed:false
299 http fetch GET 200 https://registry.npmjs.org/@babel%2fhelper-validator-option 91ms (cache miss)
300 silly packumentCache full:https://registry.npmjs.org/@babel%2fhelper-validator-option set size:undefined disposed:false
301 http fetch GET 200 https://registry.npmjs.org/@babel%2fhelper-globals 76ms (cache miss)
302 silly packumentCache full:https://registry.npmjs.org/@babel%2fhelper-globals set size:undefined disposed:false
303 http fetch GET 200 https://registry.npmjs.org/@babel%2fhelper-module-imports 90ms (cache miss)
304 silly packumentCache full:https://registry.npmjs.org/@babel%2fhelper-module-imports set size:undefined disposed:false
305 http fetch GET 200 https://registry.npmjs.org/@babel%2fhelper-string-parser 72ms (cache miss)
306 silly packumentCache full:https://registry.npmjs.org/@babel%2fhelper-string-parser set size:undefined disposed:false
307 http fetch GET 200 https://registry.npmjs.org/ms 71ms (cache miss)
308 silly packumentCache full:https://registry.npmjs.org/ms set size:undefined disposed:false
309 silly placeDep ROOT @babel/helper-validator-identifier@7.29.7 OK for: @babel/code-frame@7.29.7 want: ^7.29.7
310 silly placeDep ROOT js-tokens@4.0.0 OK for: @babel/code-frame@7.29.7 want: ^4.0.0
311 silly placeDep ROOT picocolors@1.1.1 OK for: @babel/code-frame@7.29.7 want: ^1.1.1
312 silly placeDep ROOT @jridgewell/gen-mapping@0.3.13 OK for: @babel/generator@7.29.7 want: ^0.3.12
313 silly placeDep ROOT @jridgewell/trace-mapping@0.3.31 OK for: @babel/generator@7.29.7 want: ^0.3.28
314 silly placeDep ROOT jsesc@3.1.0 OK for: @babel/generator@7.29.7 want: ^3.0.2
315 silly fetch manifest @jridgewell/sourcemap-codec@^1.5.0
316 silly packumentCache full:https://registry.npmjs.org/@jridgewell%2fsourcemap-codec cache-miss
317 silly fetch manifest @jridgewell/resolve-uri@^3.1.0
318 silly packumentCache full:https://registry.npmjs.org/@jridgewell%2fresolve-uri cache-miss
319 silly fetch manifest @jridgewell/sourcemap-codec@^1.4.14
320 silly packumentCache full:https://registry.npmjs.org/@jridgewell%2fsourcemap-codec cache-miss
321 http fetch GET 200 https://registry.npmjs.org/@jridgewell%2fsourcemap-codec 87ms (cache miss)
322 silly packumentCache full:https://registry.npmjs.org/@jridgewell%2fsourcemap-codec set size:undefined disposed:false
323 http fetch GET 200 https://registry.npmjs.org/@jridgewell%2fresolve-uri 90ms (cache miss)
324 silly packumentCache full:https://registry.npmjs.org/@jridgewell%2fresolve-uri set size:undefined disposed:false
325 http fetch GET 200 https://registry.npmjs.org/@jridgewell%2fsourcemap-codec 93ms (cache miss)
326 silly packumentCache full:https://registry.npmjs.org/@jridgewell%2fsourcemap-codec set size:undefined disposed:false
327 silly placeDep ROOT @babel/compat-data@7.29.7 OK for: @babel/helper-compilation-targets@7.29.7 want: ^7.29.7
328 silly placeDep ROOT @babel/helper-validator-option@7.29.7 OK for: @babel/helper-compilation-targets@7.29.7 want: ^7.29.7
329 silly placeDep ROOT browserslist@4.28.2 OK for: @babel/helper-compilation-targets@7.29.7 want: ^4.24.0
330 silly placeDep ROOT lru-cache@5.1.1 OK for: @babel/helper-compilation-targets@7.29.7 want: ^5.1.1
331 silly fetch manifest baseline-browser-mapping@^2.10.12
332 silly packumentCache full:https://registry.npmjs.org/baseline-browser-mapping cache-miss
333 silly fetch manifest caniuse-lite@^1.0.30001782
334 silly packumentCache full:https://registry.npmjs.org/caniuse-lite cache-miss
335 silly fetch manifest electron-to-chromium@^1.5.328
336 silly packumentCache full:https://registry.npmjs.org/electron-to-chromium cache-miss
337 silly fetch manifest node-releases@^2.0.36
338 silly packumentCache full:https://registry.npmjs.org/node-releases cache-miss
339 silly fetch manifest update-browserslist-db@^1.2.3
340 silly packumentCache full:https://registry.npmjs.org/update-browserslist-db cache-miss
341 silly fetch manifest yallist@^3.0.2
342 silly packumentCache full:https://registry.npmjs.org/yallist cache-miss
343 http fetch GET 200 https://registry.npmjs.org/yallist 73ms (cache miss)
344 silly packumentCache full:https://registry.npmjs.org/yallist set size:undefined disposed:false
345 http fetch GET 200 https://registry.npmjs.org/update-browserslist-db 76ms (cache miss)
346 silly packumentCache full:https://registry.npmjs.org/update-browserslist-db set size:undefined disposed:false
347 http fetch GET 200 https://registry.npmjs.org/baseline-browser-mapping 104ms (cache miss)
348 silly packumentCache full:https://registry.npmjs.org/baseline-browser-mapping set size:undefined disposed:false
349 http fetch GET 200 https://registry.npmjs.org/node-releases 118ms (cache miss)
350 silly packumentCache full:https://registry.npmjs.org/node-releases set size:undefined disposed:false
351 http fetch GET 200 https://registry.npmjs.org/caniuse-lite 276ms (cache miss)
352 silly packumentCache full:https://registry.npmjs.org/caniuse-lite set size:undefined disposed:false
353 http fetch GET 200 https://registry.npmjs.org/electron-to-chromium 493ms (cache miss)
354 silly packumentCache full:https://registry.npmjs.org/electron-to-chromium set size:undefined disposed:false
355 silly placeDep ROOT @babel/helper-module-imports@7.29.7 OK for: @babel/helper-module-transforms@7.29.7 want: ^7.29.7
356 silly placeDep ROOT @babel/helper-plugin-utils@7.29.7 OK for: @babel/plugin-transform-react-jsx-self@7.29.7 want: ^7.29.7
357 silly placeDep ROOT @babel/helper-globals@7.29.7 OK for: @babel/traverse@7.29.7 want: ^7.29.7
358 silly placeDep ROOT @babel/helper-string-parser@7.29.7 OK for: @babel/types@7.29.7 want: ^7.29.7
359 silly placeDep ROOT @jridgewell/sourcemap-codec@1.5.5 OK for: @jridgewell/gen-mapping@0.3.13 want: ^1.5.0
360 silly placeDep ROOT @jridgewell/resolve-uri@3.1.2 OK for: @jridgewell/trace-mapping@0.3.31 want: ^3.1.0
361 silly placeDep ROOT @types/babel__generator@7.27.0 OK for: @types/babel__core@7.20.5 want: *
362 silly placeDep ROOT @types/babel__template@7.4.4 OK for: @types/babel__core@7.20.5 want: *
363 silly placeDep ROOT @types/babel__traverse@7.28.0 OK for: @types/babel__core@7.20.5 want: *
364 silly fetch manifest browserslist@>= 4.21.0
365 silly packumentCache full:https://registry.npmjs.org/browserslist cache-miss
366 http cache https://registry.npmjs.org/browserslist 9ms (cache hit)
367 silly packumentCache full:https://registry.npmjs.org/browserslist set size:504681 disposed:false
368 silly placeDep ROOT baseline-browser-mapping@2.10.38 OK for: browserslist@4.28.2 want: ^2.10.12
369 silly placeDep ROOT caniuse-lite@1.0.30001799 OK for: browserslist@4.28.2 want: ^1.0.30001782
370 silly placeDep ROOT electron-to-chromium@1.5.376 OK for: browserslist@4.28.2 want: ^1.5.328
371 silly placeDep ROOT node-releases@2.0.48 OK for: browserslist@4.28.2 want: ^2.0.36
372 silly placeDep ROOT update-browserslist-db@1.2.3 OK for: browserslist@4.28.2 want: ^1.2.3
373 silly fetch manifest escalade@^3.2.0
374 silly packumentCache full:https://registry.npmjs.org/escalade cache-miss
375 http fetch GET 200 https://registry.npmjs.org/escalade 59ms (cache miss)
376 silly packumentCache full:https://registry.npmjs.org/escalade set size:undefined disposed:false
377 silly placeDep ROOT ms@2.1.3 OK for: debug@4.4.3 want: ^2.1.3
378 silly placeDep ROOT yallist@3.1.1 OK for: lru-cache@5.1.1 want: ^3.0.2
379 silly placeDep ROOT loose-envify@1.4.0 OK for: react@18.3.1 want: ^1.1.0
380 silly placeDep ROOT scheduler@0.23.2 OK for: react-dom@18.3.1 want: ^0.23.2
381 silly placeDep ROOT escalade@3.2.0 OK for: update-browserslist-db@1.2.3 want: ^3.2.0
382 silly placeDep ROOT esbuild@0.21.5 OK for: vite@5.4.21 want: ^0.21.3
383 silly placeDep ROOT fsevents@2.3.3 OK for: vite@5.4.21 want: ~2.3.3
384 silly placeDep ROOT postcss@8.5.15 OK for: vite@5.4.21 want: ^8.4.43
385 silly placeDep ROOT rollup@4.62.2 OK for: vite@5.4.21 want: ^4.20.0
386 silly fetch manifest @esbuild/aix-ppc64@0.21.5
387 silly packumentCache full:https://registry.npmjs.org/@esbuild%2faix-ppc64 cache-miss
388 silly fetch manifest @esbuild/linux-arm@0.21.5
389 silly packumentCache full:https://registry.npmjs.org/@esbuild%2flinux-arm cache-miss
390 silly fetch manifest @esbuild/linux-x64@0.21.5
391 silly packumentCache full:https://registry.npmjs.org/@esbuild%2flinux-x64 cache-miss
392 silly fetch manifest @esbuild/sunos-x64@0.21.5
393 silly packumentCache full:https://registry.npmjs.org/@esbuild%2fsunos-x64 cache-miss
394 silly fetch manifest @esbuild/win32-x64@0.21.5
395 silly packumentCache full:https://registry.npmjs.org/@esbuild%2fwin32-x64 cache-miss
396 silly fetch manifest @esbuild/darwin-x64@0.21.5
397 silly packumentCache full:https://registry.npmjs.org/@esbuild%2fdarwin-x64 cache-miss
398 silly fetch manifest @esbuild/linux-ia32@0.21.5
399 silly packumentCache full:https://registry.npmjs.org/@esbuild%2flinux-ia32 cache-miss
400 http fetch GET 200 https://registry.npmjs.org/@esbuild%2faix-ppc64 71ms (cache miss)
401 silly packumentCache full:https://registry.npmjs.org/@esbuild%2faix-ppc64 set size:undefined disposed:false
402 silly fetch manifest @esbuild/netbsd-x64@0.21.5
403 silly packumentCache full:https://registry.npmjs.org/@esbuild%2fnetbsd-x64 cache-miss
404 http fetch GET 200 https://registry.npmjs.org/@esbuild%2flinux-arm 92ms (cache miss)
405 silly packumentCache full:https://registry.npmjs.org/@esbuild%2flinux-arm set size:undefined disposed:false
406 silly fetch manifest @esbuild/win32-ia32@0.21.5
407 silly packumentCache full:https://registry.npmjs.org/@esbuild%2fwin32-ia32 cache-miss
408 http fetch GET 200 https://registry.npmjs.org/@esbuild%2fsunos-x64 108ms (cache miss)
409 silly packumentCache full:https://registry.npmjs.org/@esbuild%2fsunos-x64 set size:undefined disposed:false
410 silly fetch manifest @esbuild/android-arm@0.21.5
411 silly packumentCache full:https://registry.npmjs.org/@esbuild%2fandroid-arm cache-miss
412 http fetch GET 200 https://registry.npmjs.org/@esbuild%2flinux-ia32 113ms (cache miss)
413 silly packumentCache full:https://registry.npmjs.org/@esbuild%2flinux-ia32 set size:undefined disposed:false
414 silly fetch manifest @esbuild/android-x64@0.21.5
415 silly packumentCache full:https://registry.npmjs.org/@esbuild%2fandroid-x64 cache-miss
416 http fetch GET 200 https://registry.npmjs.org/@esbuild%2fwin32-x64 118ms (cache miss)
417 silly packumentCache full:https://registry.npmjs.org/@esbuild%2fwin32-x64 set size:undefined disposed:false
418 silly fetch manifest @esbuild/freebsd-x64@0.21.5
419 silly packumentCache full:https://registry.npmjs.org/@esbuild%2ffreebsd-x64 cache-miss
420 http fetch GET 200 https://registry.npmjs.org/@esbuild%2fdarwin-x64 120ms (cache miss)
421 silly packumentCache full:https://registry.npmjs.org/@esbuild%2fdarwin-x64 set size:undefined disposed:false
422 silly fetch manifest @esbuild/linux-arm64@0.21.5
423 silly packumentCache full:https://registry.npmjs.org/@esbuild%2flinux-arm64 cache-miss
424 http fetch GET 200 https://registry.npmjs.org/@esbuild%2flinux-x64 124ms (cache miss)
425 silly packumentCache full:https://registry.npmjs.org/@esbuild%2flinux-x64 set size:undefined disposed:false
426 silly fetch manifest @esbuild/linux-ppc64@0.21.5
427 silly packumentCache full:https://registry.npmjs.org/@esbuild%2flinux-ppc64 cache-miss
428 http fetch GET 200 https://registry.npmjs.org/@esbuild%2fnetbsd-x64 81ms (cache miss)
429 silly packumentCache full:https://registry.npmjs.org/@esbuild%2fnetbsd-x64 set size:undefined disposed:false
430 silly fetch manifest @esbuild/linux-s390x@0.21.5
431 silly packumentCache full:https://registry.npmjs.org/@esbuild%2flinux-s390x cache-miss
432 http fetch GET 200 https://registry.npmjs.org/@esbuild%2fwin32-ia32 93ms (cache miss)
433 silly packumentCache full:https://registry.npmjs.org/@esbuild%2fwin32-ia32 set size:undefined disposed:false
434 silly fetch manifest @esbuild/openbsd-x64@0.21.5
435 silly packumentCache full:https://registry.npmjs.org/@esbuild%2fopenbsd-x64 cache-miss
436 http fetch GET 200 https://registry.npmjs.org/@esbuild%2ffreebsd-x64 91ms (cache miss)
437 silly packumentCache full:https://registry.npmjs.org/@esbuild%2ffreebsd-x64 set size:undefined disposed:false
438 silly fetch manifest @esbuild/win32-arm64@0.21.5
439 silly packumentCache full:https://registry.npmjs.org/@esbuild%2fwin32-arm64 cache-miss
440 http fetch GET 200 https://registry.npmjs.org/@esbuild%2fandroid-x64 101ms (cache miss)
441 silly packumentCache full:https://registry.npmjs.org/@esbuild%2fandroid-x64 set size:undefined disposed:false
442 silly fetch manifest @esbuild/darwin-arm64@0.21.5
443 silly packumentCache full:https://registry.npmjs.org/@esbuild%2fdarwin-arm64 cache-miss
444 http fetch GET 200 https://registry.npmjs.org/@esbuild%2fandroid-arm 116ms (cache miss)
445 silly packumentCache full:https://registry.npmjs.org/@esbuild%2fandroid-arm set size:undefined disposed:false
446 silly fetch manifest @esbuild/android-arm64@0.21.5
447 silly packumentCache full:https://registry.npmjs.org/@esbuild%2fandroid-arm64 cache-miss
448 http fetch GET 200 https://registry.npmjs.org/@esbuild%2flinux-ppc64 108ms (cache miss)
449 silly packumentCache full:https://registry.npmjs.org/@esbuild%2flinux-ppc64 set size:undefined disposed:false
450 silly fetch manifest @esbuild/freebsd-arm64@0.21.5
451 silly packumentCache full:https://registry.npmjs.org/@esbuild%2ffreebsd-arm64 cache-miss
452 http fetch GET 200 https://registry.npmjs.org/@esbuild%2flinux-arm64 128ms (cache miss)
453 silly packumentCache full:https://registry.npmjs.org/@esbuild%2flinux-arm64 set size:undefined disposed:false
454 silly fetch manifest @esbuild/linux-loong64@0.21.5
455 silly packumentCache full:https://registry.npmjs.org/@esbuild%2flinux-loong64 cache-miss
456 http fetch GET 200 https://registry.npmjs.org/@esbuild%2flinux-s390x 99ms (cache miss)
457 silly packumentCache full:https://registry.npmjs.org/@esbuild%2flinux-s390x set size:undefined disposed:false
458 silly fetch manifest @esbuild/linux-riscv64@0.21.5
459 silly packumentCache full:https://registry.npmjs.org/@esbuild%2flinux-riscv64 cache-miss
460 http fetch GET 200 https://registry.npmjs.org/@esbuild%2fopenbsd-x64 83ms (cache miss)
461 silly packumentCache full:https://registry.npmjs.org/@esbuild%2fopenbsd-x64 set size:undefined disposed:false
462 silly fetch manifest @esbuild/linux-mips64el@0.21.5
463 silly packumentCache full:https://registry.npmjs.org/@esbuild%2flinux-mips64el cache-miss
464 http fetch GET 200 https://registry.npmjs.org/@esbuild%2fdarwin-arm64 83ms (cache miss)
465 silly packumentCache full:https://registry.npmjs.org/@esbuild%2fdarwin-arm64 set size:undefined disposed:false
466 silly fetch manifest nanoid@^3.3.12
467 silly packumentCache full:https://registry.npmjs.org/nanoid cache-miss
468 http fetch GET 200 https://registry.npmjs.org/@esbuild%2fwin32-arm64 91ms (cache miss)
469 silly packumentCache full:https://registry.npmjs.org/@esbuild%2fwin32-arm64 set size:undefined disposed:false
470 silly fetch manifest source-map-js@^1.2.1
471 silly packumentCache full:https://registry.npmjs.org/source-map-js cache-miss
472 http fetch GET 200 https://registry.npmjs.org/@esbuild%2ffreebsd-arm64 97ms (cache miss)
473 silly packumentCache full:https://registry.npmjs.org/@esbuild%2ffreebsd-arm64 set size:undefined disposed:false
474 silly fetch manifest @types/estree@1.0.9
475 silly packumentCache full:https://registry.npmjs.org/@types%2festree cache-miss
476 http fetch GET 200 https://registry.npmjs.org/@esbuild%2flinux-riscv64 108ms (cache miss)
477 silly packumentCache full:https://registry.npmjs.org/@esbuild%2flinux-riscv64 set size:undefined disposed:false
478 silly fetch manifest @rollup/rollup-darwin-arm64@4.62.2
479 silly packumentCache full:https://registry.npmjs.org/@rollup%2frollup-darwin-arm64 cache-miss
480 http fetch GET 200 https://registry.npmjs.org/source-map-js 63ms (cache miss)
481 silly packumentCache full:https://registry.npmjs.org/source-map-js set size:undefined disposed:false
482 silly fetch manifest @rollup/rollup-android-arm64@4.62.2
483 silly packumentCache full:https://registry.npmjs.org/@rollup%2frollup-android-arm64 cache-miss
484 http fetch GET 200 https://registry.npmjs.org/@esbuild%2flinux-loong64 123ms (cache miss)
485 silly packumentCache full:https://registry.npmjs.org/@esbuild%2flinux-loong64 set size:undefined disposed:false
486 silly fetch manifest @rollup/rollup-win32-arm64-msvc@4.62.2
487 silly packumentCache full:https://registry.npmjs.org/@rollup%2frollup-win32-arm64-msvc cache-miss
488 http fetch GET 200 https://registry.npmjs.org/@esbuild%2flinux-mips64el 102ms (cache miss)
489 silly packumentCache full:https://registry.npmjs.org/@esbuild%2flinux-mips64el set size:undefined disposed:false
490 silly fetch manifest @rollup/rollup-freebsd-arm64@4.62.2
491 silly packumentCache full:https://registry.npmjs.org/@rollup%2frollup-freebsd-arm64 cache-miss
492 http fetch GET 200 https://registry.npmjs.org/@esbuild%2fandroid-arm64 157ms (cache miss)
493 silly packumentCache full:https://registry.npmjs.org/@esbuild%2fandroid-arm64 set size:undefined disposed:false
494 silly fetch manifest @rollup/rollup-linux-arm64-gnu@4.62.2
495 silly packumentCache full:https://registry.npmjs.org/@rollup%2frollup-linux-arm64-gnu cache-miss
496 http fetch GET 200 https://registry.npmjs.org/nanoid 89ms (cache miss)
497 silly packumentCache full:https://registry.npmjs.org/nanoid set size:undefined disposed:false
498 silly fetch manifest @rollup/rollup-linux-arm64-musl@4.62.2
499 silly packumentCache full:https://registry.npmjs.org/@rollup%2frollup-linux-arm64-musl cache-miss
500 http fetch GET 200 https://registry.npmjs.org/@types%2festree 73ms (cache miss)
501 silly packumentCache full:https://registry.npmjs.org/@types%2festree set size:undefined disposed:false
502 silly fetch manifest @rollup/rollup-android-arm-eabi@4.62.2
503 silly packumentCache full:https://registry.npmjs.org/@rollup%2frollup-android-arm-eabi cache-miss
504 http fetch GET 200 https://registry.npmjs.org/@rollup%2frollup-darwin-arm64 87ms (cache miss)
505 silly packumentCache full:https://registry.npmjs.org/@rollup%2frollup-darwin-arm64 set size:undefined disposed:false
506 silly fetch manifest @rollup/rollup-linux-arm-gnueabihf@4.62.2
507 silly packumentCache full:https://registry.npmjs.org/@rollup%2frollup-linux-arm-gnueabihf cache-miss
508 http fetch GET 200 https://registry.npmjs.org/@rollup%2frollup-android-arm64 101ms (cache miss)
509 silly packumentCache full:https://registry.npmjs.org/@rollup%2frollup-android-arm64 set size:undefined disposed:false
510 silly fetch manifest @rollup/rollup-linux-arm-musleabihf@4.62.2
511 silly packumentCache full:https://registry.npmjs.org/@rollup%2frollup-linux-arm-musleabihf cache-miss
512 http fetch GET 200 https://registry.npmjs.org/@rollup%2frollup-freebsd-arm64 93ms (cache miss)
513 silly packumentCache full:https://registry.npmjs.org/@rollup%2frollup-freebsd-arm64 set size:undefined disposed:false
514 silly fetch manifest @rollup/rollup-win32-ia32-msvc@4.62.2
515 silly packumentCache full:https://registry.npmjs.org/@rollup%2frollup-win32-ia32-msvc cache-miss
516 http fetch GET 200 https://registry.npmjs.org/@rollup%2frollup-win32-arm64-msvc 106ms (cache miss)
517 silly packumentCache full:https://registry.npmjs.org/@rollup%2frollup-win32-arm64-msvc set size:undefined disposed:false
518 silly fetch manifest @rollup/rollup-linux-loong64-gnu@4.62.2
519 silly packumentCache full:https://registry.npmjs.org/@rollup%2frollup-linux-loong64-gnu cache-miss
520 http fetch GET 200 https://registry.npmjs.org/@rollup%2frollup-linux-arm64-musl 103ms (cache miss)
521 silly packumentCache full:https://registry.npmjs.org/@rollup%2frollup-linux-arm64-musl set size:undefined disposed:false
522 silly fetch manifest @rollup/rollup-linux-loong64-musl@4.62.2
523 silly packumentCache full:https://registry.npmjs.org/@rollup%2frollup-linux-loong64-musl cache-miss
524 http fetch GET 200 https://registry.npmjs.org/@rollup%2frollup-android-arm-eabi 105ms (cache miss)
525 silly packumentCache full:https://registry.npmjs.org/@rollup%2frollup-android-arm-eabi set size:undefined disposed:false
526 silly fetch manifest @rollup/rollup-linux-riscv64-gnu@4.62.2
527 silly packumentCache full:https://registry.npmjs.org/@rollup%2frollup-linux-riscv64-gnu cache-miss
528 http fetch GET 200 https://registry.npmjs.org/@rollup%2frollup-linux-arm64-gnu 135ms (cache miss)
529 silly packumentCache full:https://registry.npmjs.org/@rollup%2frollup-linux-arm64-gnu set size:undefined disposed:false
530 silly fetch manifest @rollup/rollup-linux-riscv64-musl@4.62.2
531 silly packumentCache full:https://registry.npmjs.org/@rollup%2frollup-linux-riscv64-musl cache-miss
532 http fetch GET 200 https://registry.npmjs.org/@rollup%2frollup-linux-arm-gnueabihf 84ms (cache miss)
533 silly packumentCache full:https://registry.npmjs.org/@rollup%2frollup-linux-arm-gnueabihf set size:undefined disposed:false
534 silly fetch manifest @rollup/rollup-linux-ppc64-gnu@4.62.2
535 silly packumentCache full:https://registry.npmjs.org/@rollup%2frollup-linux-ppc64-gnu cache-miss
536 http fetch GET 200 https://registry.npmjs.org/@rollup%2frollup-linux-arm-musleabihf 84ms (cache miss)
537 silly packumentCache full:https://registry.npmjs.org/@rollup%2frollup-linux-arm-musleabihf set size:undefined disposed:false
538 silly fetch manifest @rollup/rollup-linux-ppc64-musl@4.62.2
539 silly packumentCache full:https://registry.npmjs.org/@rollup%2frollup-linux-ppc64-musl cache-miss
540 http fetch GET 200 https://registry.npmjs.org/@rollup%2frollup-linux-loong64-gnu 78ms (cache miss)
541 silly packumentCache full:https://registry.npmjs.org/@rollup%2frollup-linux-loong64-gnu set size:undefined disposed:false
542 silly fetch manifest @rollup/rollup-linux-s390x-gnu@4.62.2
543 silly packumentCache full:https://registry.npmjs.org/@rollup%2frollup-linux-s390x-gnu cache-miss
544 http fetch GET 200 https://registry.npmjs.org/@rollup%2frollup-win32-ia32-msvc 94ms (cache miss)
545 silly packumentCache full:https://registry.npmjs.org/@rollup%2frollup-win32-ia32-msvc set size:undefined disposed:false
546 silly fetch manifest @rollup/rollup-darwin-x64@4.62.2
547 silly packumentCache full:https://registry.npmjs.org/@rollup%2frollup-darwin-x64 cache-miss
548 http fetch GET 200 https://registry.npmjs.org/@rollup%2frollup-linux-loong64-musl 79ms (cache miss)
549 silly packumentCache full:https://registry.npmjs.org/@rollup%2frollup-linux-loong64-musl set size:undefined disposed:false
550 silly fetch manifest @rollup/rollup-win32-x64-gnu@4.62.2
551 silly packumentCache full:https://registry.npmjs.org/@rollup%2frollup-win32-x64-gnu cache-miss
552 http fetch GET 200 https://registry.npmjs.org/@rollup%2frollup-linux-riscv64-gnu 96ms (cache miss)
553 silly packumentCache full:https://registry.npmjs.org/@rollup%2frollup-linux-riscv64-gnu set size:undefined disposed:false
554 silly fetch manifest @rollup/rollup-win32-x64-msvc@4.62.2
555 silly packumentCache full:https://registry.npmjs.org/@rollup%2frollup-win32-x64-msvc cache-miss
556 http fetch GET 200 https://registry.npmjs.org/@rollup%2frollup-linux-riscv64-musl 103ms (cache miss)
557 silly packumentCache full:https://registry.npmjs.org/@rollup%2frollup-linux-riscv64-musl set size:undefined disposed:false
558 silly fetch manifest @rollup/rollup-freebsd-x64@4.62.2
559 silly packumentCache full:https://registry.npmjs.org/@rollup%2frollup-freebsd-x64 cache-miss
560 http fetch GET 200 https://registry.npmjs.org/@rollup%2frollup-linux-ppc64-gnu 95ms (cache miss)
561 silly packumentCache full:https://registry.npmjs.org/@rollup%2frollup-linux-ppc64-gnu set size:undefined disposed:false
562 silly fetch manifest @rollup/rollup-linux-x64-gnu@4.62.2
563 silly packumentCache full:https://registry.npmjs.org/@rollup%2frollup-linux-x64-gnu cache-miss
564 http fetch GET 200 https://registry.npmjs.org/@rollup%2frollup-linux-ppc64-musl 84ms (cache miss)
565 silly packumentCache full:https://registry.npmjs.org/@rollup%2frollup-linux-ppc64-musl set size:undefined disposed:false
566 silly fetch manifest @rollup/rollup-linux-x64-musl@4.62.2
567 silly packumentCache full:https://registry.npmjs.org/@rollup%2frollup-linux-x64-musl cache-miss
568 http fetch GET 200 https://registry.npmjs.org/@rollup%2frollup-win32-x64-gnu 76ms (cache miss)
569 silly packumentCache full:https://registry.npmjs.org/@rollup%2frollup-win32-x64-gnu set size:undefined disposed:false
570 silly fetch manifest @rollup/rollup-openbsd-x64@4.62.2
571 silly packumentCache full:https://registry.npmjs.org/@rollup%2frollup-openbsd-x64 cache-miss
572 http fetch GET 200 https://registry.npmjs.org/@rollup%2frollup-linux-s390x-gnu 100ms (cache miss)
573 silly packumentCache full:https://registry.npmjs.org/@rollup%2frollup-linux-s390x-gnu set size:undefined disposed:false
574 silly fetch manifest @rollup/rollup-openharmony-arm64@4.62.2
575 silly packumentCache full:https://registry.npmjs.org/@rollup%2frollup-openharmony-arm64 cache-miss
576 http fetch GET 200 https://registry.npmjs.org/@rollup%2frollup-darwin-x64 97ms (cache miss)
577 silly packumentCache full:https://registry.npmjs.org/@rollup%2frollup-darwin-x64 set size:undefined disposed:false
578 http fetch GET 200 https://registry.npmjs.org/@rollup%2frollup-win32-x64-msvc 98ms (cache miss)
579 silly packumentCache full:https://registry.npmjs.org/@rollup%2frollup-win32-x64-msvc set size:undefined disposed:false
580 http fetch GET 200 https://registry.npmjs.org/@rollup%2frollup-freebsd-x64 98ms (cache miss)
581 silly packumentCache full:https://registry.npmjs.org/@rollup%2frollup-freebsd-x64 set size:undefined disposed:false
582 http fetch GET 200 https://registry.npmjs.org/@rollup%2frollup-openbsd-x64 87ms (cache miss)
583 silly packumentCache full:https://registry.npmjs.org/@rollup%2frollup-openbsd-x64 set size:undefined disposed:false
584 http fetch GET 200 https://registry.npmjs.org/@rollup%2frollup-linux-x64-musl 105ms (cache miss)
585 silly packumentCache full:https://registry.npmjs.org/@rollup%2frollup-linux-x64-musl set size:undefined disposed:false
586 http fetch GET 200 https://registry.npmjs.org/@rollup%2frollup-linux-x64-gnu 121ms (cache miss)
587 silly packumentCache full:https://registry.npmjs.org/@rollup%2frollup-linux-x64-gnu set size:undefined disposed:false
588 http fetch GET 200 https://registry.npmjs.org/@rollup%2frollup-openharmony-arm64 96ms (cache miss)
589 silly packumentCache full:https://registry.npmjs.org/@rollup%2frollup-openharmony-arm64 set size:undefined disposed:false
590 silly placeDep ROOT @esbuild/aix-ppc64@0.21.5 OK for: esbuild@0.21.5 want: 0.21.5
591 silly placeDep ROOT @esbuild/android-arm@0.21.5 OK for: esbuild@0.21.5 want: 0.21.5
592 silly placeDep ROOT @esbuild/android-arm64@0.21.5 OK for: esbuild@0.21.5 want: 0.21.5
593 silly placeDep ROOT @esbuild/android-x64@0.21.5 OK for: esbuild@0.21.5 want: 0.21.5
594 silly placeDep ROOT @esbuild/darwin-arm64@0.21.5 OK for: esbuild@0.21.5 want: 0.21.5
595 silly placeDep ROOT @esbuild/darwin-x64@0.21.5 OK for: esbuild@0.21.5 want: 0.21.5
596 silly placeDep ROOT @esbuild/freebsd-arm64@0.21.5 OK for: esbuild@0.21.5 want: 0.21.5
597 silly placeDep ROOT @esbuild/freebsd-x64@0.21.5 OK for: esbuild@0.21.5 want: 0.21.5
598 silly placeDep ROOT @esbuild/linux-arm@0.21.5 OK for: esbuild@0.21.5 want: 0.21.5
599 silly placeDep ROOT @esbuild/linux-arm64@0.21.5 OK for: esbuild@0.21.5 want: 0.21.5
600 silly placeDep ROOT @esbuild/linux-ia32@0.21.5 OK for: esbuild@0.21.5 want: 0.21.5
601 silly placeDep ROOT @esbuild/linux-loong64@0.21.5 OK for: esbuild@0.21.5 want: 0.21.5
602 silly placeDep ROOT @esbuild/linux-mips64el@0.21.5 OK for: esbuild@0.21.5 want: 0.21.5
603 silly placeDep ROOT @esbuild/linux-ppc64@0.21.5 OK for: esbuild@0.21.5 want: 0.21.5
604 silly placeDep ROOT @esbuild/linux-riscv64@0.21.5 OK for: esbuild@0.21.5 want: 0.21.5
605 silly placeDep ROOT @esbuild/linux-s390x@0.21.5 OK for: esbuild@0.21.5 want: 0.21.5
606 silly placeDep ROOT @esbuild/linux-x64@0.21.5 OK for: esbuild@0.21.5 want: 0.21.5
607 silly placeDep ROOT @esbuild/netbsd-x64@0.21.5 OK for: esbuild@0.21.5 want: 0.21.5
608 silly placeDep ROOT @esbuild/openbsd-x64@0.21.5 OK for: esbuild@0.21.5 want: 0.21.5
609 silly placeDep ROOT @esbuild/sunos-x64@0.21.5 OK for: esbuild@0.21.5 want: 0.21.5
610 silly placeDep ROOT @esbuild/win32-arm64@0.21.5 OK for: esbuild@0.21.5 want: 0.21.5
611 silly placeDep ROOT @esbuild/win32-ia32@0.21.5 OK for: esbuild@0.21.5 want: 0.21.5
612 silly placeDep ROOT @esbuild/win32-x64@0.21.5 OK for: esbuild@0.21.5 want: 0.21.5
613 silly placeDep ROOT nanoid@3.3.14 OK for: postcss@8.5.15 want: ^3.3.12
614 silly placeDep ROOT source-map-js@1.2.1 OK for: postcss@8.5.15 want: ^1.2.1
615 silly placeDep ROOT @rollup/rollup-android-arm-eabi@4.62.2 OK for: rollup@4.62.2 want: 4.62.2
616 silly placeDep ROOT @rollup/rollup-android-arm64@4.62.2 OK for: rollup@4.62.2 want: 4.62.2
617 silly placeDep ROOT @rollup/rollup-darwin-arm64@4.62.2 OK for: rollup@4.62.2 want: 4.62.2
618 silly placeDep ROOT @rollup/rollup-darwin-x64@4.62.2 OK for: rollup@4.62.2 want: 4.62.2
619 silly placeDep ROOT @rollup/rollup-freebsd-arm64@4.62.2 OK for: rollup@4.62.2 want: 4.62.2
620 silly placeDep ROOT @rollup/rollup-freebsd-x64@4.62.2 OK for: rollup@4.62.2 want: 4.62.2
621 silly placeDep ROOT @rollup/rollup-linux-arm-gnueabihf@4.62.2 OK for: rollup@4.62.2 want: 4.62.2
622 silly placeDep ROOT @rollup/rollup-linux-arm-musleabihf@4.62.2 OK for: rollup@4.62.2 want: 4.62.2
623 silly placeDep ROOT @rollup/rollup-linux-arm64-gnu@4.62.2 OK for: rollup@4.62.2 want: 4.62.2
624 silly placeDep ROOT @rollup/rollup-linux-arm64-musl@4.62.2 OK for: rollup@4.62.2 want: 4.62.2
625 silly placeDep ROOT @rollup/rollup-linux-loong64-gnu@4.62.2 OK for: rollup@4.62.2 want: 4.62.2
626 silly placeDep ROOT @rollup/rollup-linux-loong64-musl@4.62.2 OK for: rollup@4.62.2 want: 4.62.2
627 silly placeDep ROOT @rollup/rollup-linux-ppc64-gnu@4.62.2 OK for: rollup@4.62.2 want: 4.62.2
628 silly placeDep ROOT @rollup/rollup-linux-ppc64-musl@4.62.2 OK for: rollup@4.62.2 want: 4.62.2
629 silly placeDep ROOT @rollup/rollup-linux-riscv64-gnu@4.62.2 OK for: rollup@4.62.2 want: 4.62.2
630 silly placeDep ROOT @rollup/rollup-linux-riscv64-musl@4.62.2 OK for: rollup@4.62.2 want: 4.62.2
631 silly placeDep ROOT @rollup/rollup-linux-s390x-gnu@4.62.2 OK for: rollup@4.62.2 want: 4.62.2
632 silly placeDep ROOT @rollup/rollup-linux-x64-gnu@4.62.2 OK for: rollup@4.62.2 want: 4.62.2
633 silly placeDep ROOT @rollup/rollup-linux-x64-musl@4.62.2 OK for: rollup@4.62.2 want: 4.62.2
634 silly placeDep ROOT @rollup/rollup-openbsd-x64@4.62.2 OK for: rollup@4.62.2 want: 4.62.2
635 silly placeDep ROOT @rollup/rollup-openharmony-arm64@4.62.2 OK for: rollup@4.62.2 want: 4.62.2
636 silly placeDep ROOT @rollup/rollup-win32-arm64-msvc@4.62.2 OK for: rollup@4.62.2 want: 4.62.2
637 silly placeDep ROOT @rollup/rollup-win32-ia32-msvc@4.62.2 OK for: rollup@4.62.2 want: 4.62.2
638 silly placeDep ROOT @rollup/rollup-win32-x64-gnu@4.62.2 OK for: rollup@4.62.2 want: 4.62.2
639 silly placeDep ROOT @rollup/rollup-win32-x64-msvc@4.62.2 OK for: rollup@4.62.2 want: 4.62.2
640 silly placeDep ROOT @types/estree@1.0.9 OK for: rollup@4.62.2 want: 1.0.9
641 silly reify moves {}
642 silly audit bulk request {
642 silly audit   '@vitejs/plugin-react': [ '4.7.0' ],
642 silly audit   vite: [ '5.4.21' ],
642 silly audit   react: [ '18.3.1' ],
642 silly audit   'react-dom': [ '18.3.1' ],
642 silly audit   typescript: [ '5.9.3' ],
642 silly audit   '@babel/core': [ '7.29.7' ],
642 silly audit   '@babel/plugin-transform-react-jsx-self': [ '7.29.7' ],
642 silly audit   '@babel/plugin-transform-react-jsx-source': [ '7.29.7' ],
642 silly audit   '@rolldown/pluginutils': [ '1.0.0-beta.27' ],
642 silly audit   '@types/babel__core': [ '7.20.5' ],
642 silly audit   'react-refresh': [ '0.17.0' ],
642 silly audit   '@babel/code-frame': [ '7.29.7' ],
642 silly audit   '@babel/generator': [ '7.29.7' ],
642 silly audit   '@babel/helper-compilation-targets': [ '7.29.7' ],
642 silly audit   '@babel/helper-module-transforms': [ '7.29.7' ],
642 silly audit   '@babel/helpers': [ '7.29.7' ],
642 silly audit   '@babel/parser': [ '7.29.7' ],
642 silly audit   '@babel/template': [ '7.29.7' ],
642 silly audit   '@babel/traverse': [ '7.29.7' ],
642 silly audit   '@babel/types': [ '7.29.7' ],
642 silly audit   '@jridgewell/remapping': [ '2.3.5' ],
642 silly audit   'convert-source-map': [ '2.0.0' ],
642 silly audit   debug: [ '4.4.3' ],
642 silly audit   gensync: [ '1.0.0-beta.2' ],
642 silly audit   json5: [ '2.2.3' ],
642 silly audit   semver: [ '6.3.1' ],
642 silly audit   '@babel/helper-validator-identifier': [ '7.29.7' ],
642 silly audit   'js-tokens': [ '4.0.0' ],
642 silly audit   picocolors: [ '1.1.1' ],
642 silly audit   '@jridgewell/gen-mapping': [ '0.3.13' ],
642 silly audit   '@jridgewell/trace-mapping': [ '0.3.31' ],
642 silly audit   jsesc: [ '3.1.0' ],
642 silly audit   '@babel/compat-data': [ '7.29.7' ],
642 silly audit   '@babel/helper-validator-option': [ '7.29.7' ],
642 silly audit   browserslist: [ '4.28.2' ],
642 silly audit   'lru-cache': [ '5.1.1' ],
642 silly audit   '@babel/helper-module-imports': [ '7.29.7' ],
642 silly audit   '@babel/helper-plugin-utils': [ '7.29.7' ],
642 silly audit   '@babel/helper-globals': [ '7.29.7' ],
642 silly audit   '@babel/helper-string-parser': [ '7.29.7' ],
642 silly audit   '@jridgewell/sourcemap-codec': [ '1.5.5' ],
642 silly audit   '@jridgewell/resolve-uri': [ '3.1.2' ],
642 silly audit   '@types/babel__generator': [ '7.27.0' ],
642 silly audit   '@types/babel__template': [ '7.4.4' ],
642 silly audit   '@types/babel__traverse': [ '7.28.0' ],
642 silly audit   'baseline-browser-mapping': [ '2.10.38' ],
642 silly audit   'caniuse-lite': [ '1.0.30001799' ],
642 silly audit   'electron-to-chromium': [ '1.5.376' ],
642 silly audit   'node-releases': [ '2.0.48' ],
642 silly audit   'update-browserslist-db': [ '1.2.3' ],
642 silly audit   ms: [ '2.1.3' ],
642 silly audit   yallist: [ '3.1.1' ],
642 silly audit   'loose-envify': [ '1.4.0' ],
642 silly audit   scheduler: [ '0.23.2' ],
642 silly audit   escalade: [ '3.2.0' ],
642 silly audit   esbuild: [ '0.21.5' ],
642 silly audit   fsevents: [ '2.3.3' ],
642 silly audit   postcss: [ '8.5.15' ],
642 silly audit   rollup: [ '4.62.2' ],
642 silly audit   '@esbuild/aix-ppc64': [ '0.21.5' ],
642 silly audit   '@esbuild/android-arm': [ '0.21.5' ],
642 silly audit   '@esbuild/android-arm64': [ '0.21.5' ],
642 silly audit   '@esbuild/android-x64': [ '0.21.5' ],
642 silly audit   '@esbuild/darwin-arm64': [ '0.21.5' ],
642 silly audit   '@esbuild/darwin-x64': [ '0.21.5' ],
642 silly audit   '@esbuild/freebsd-arm64': [ '0.21.5' ],
642 silly audit   '@esbuild/freebsd-x64': [ '0.21.5' ],
642 silly audit   '@esbuild/linux-arm': [ '0.21.5' ],
642 silly audit   '@esbuild/linux-arm64': [ '0.21.5' ],
642 silly audit   '@esbuild/linux-ia32': [ '0.21.5' ],
642 silly audit   '@esbuild/linux-loong64': [ '0.21.5' ],
642 silly audit   '@esbuild/linux-mips64el': [ '0.21.5' ],
642 silly audit   '@esbuild/linux-ppc64': [ '0.21.5' ],
642 silly audit   '@esbuild/linux-riscv64': [ '0.21.5' ],
642 silly audit   '@esbuild/linux-s390x': [ '0.21.5' ],
642 silly audit   '@esbuild/linux-x64': [ '0.21.5' ],
642 silly audit   '@esbuild/netbsd-x64': [ '0.21.5' ],
642 silly audit   '@esbuild/openbsd-x64': [ '0.21.5' ],
642 silly audit   '@esbuild/sunos-x64': [ '0.21.5' ],
642 silly audit   '@esbuild/win32-arm64': [ '0.21.5' ],
642 silly audit   '@esbuild/win32-ia32': [ '0.21.5' ],
642 silly audit   '@esbuild/win32-x64': [ '0.21.5' ],
642 silly audit   nanoid: [ '3.3.14' ],
642 silly audit   'source-map-js': [ '1.2.1' ],
642 silly audit   '@rollup/rollup-android-arm-eabi': [ '4.62.2' ],
642 silly audit   '@rollup/rollup-android-arm64': [ '4.62.2' ],
642 silly audit   '@rollup/rollup-darwin-arm64': [ '4.62.2' ],
642 silly audit   '@rollup/rollup-darwin-x64': [ '4.62.2' ],
642 silly audit   '@rollup/rollup-freebsd-arm64': [ '4.62.2' ],
642 silly audit   '@rollup/rollup-freebsd-x64': [ '4.62.2' ],
642 silly audit   '@rollup/rollup-linux-arm-gnueabihf': [ '4.62.2' ],
642 silly audit   '@rollup/rollup-linux-arm-musleabihf': [ '4.62.2' ],
642 silly audit   '@rollup/rollup-linux-arm64-gnu': [ '4.62.2' ],
642 silly audit   '@rollup/rollup-linux-arm64-musl': [ '4.62.2' ],
642 silly audit   '@rollup/rollup-linux-loong64-gnu': [ '4.62.2' ],
642 silly audit   '@rollup/rollup-linux-loong64-musl': [ '4.62.2' ],
642 silly audit   '@rollup/rollup-linux-ppc64-gnu': [ '4.62.2' ],
642 silly audit   '@rollup/rollup-linux-ppc64-musl': [ '4.62.2' ],
642 silly audit   '@rollup/rollup-linux-riscv64-gnu': [ '4.62.2' ],
642 silly audit   '@rollup/rollup-linux-riscv64-musl': [ '4.62.2' ],
642 silly audit   '@rollup/rollup-linux-s390x-gnu': [ '4.62.2' ],
642 silly audit   '@rollup/rollup-linux-x64-gnu': [ '4.62.2' ],
642 silly audit   '@rollup/rollup-linux-x64-musl': [ '4.62.2' ],
642 silly audit   '@rollup/rollup-openbsd-x64': [ '4.62.2' ],
642 silly audit   '@rollup/rollup-openharmony-arm64': [ '4.62.2' ],
642 silly audit   '@rollup/rollup-win32-arm64-msvc': [ '4.62.2' ],
642 silly audit   '@rollup/rollup-win32-ia32-msvc': [ '4.62.2' ],
642 silly audit   '@rollup/rollup-win32-x64-gnu': [ '4.62.2' ],
642 silly audit   '@rollup/rollup-win32-x64-msvc': [ '4.62.2' ],
642 silly audit   '@types/estree': [ '1.0.9' ]
642 silly audit }
643 http cache @types/estree@https://registry.npmjs.org/@types/estree/-/estree-1.0.9.tgz 0ms (cache hit)
644 http cache source-map-js@https://registry.npmjs.org/source-map-js/-/source-map-js-1.2.1.tgz 0ms (cache hit)
645 http cache nanoid@https://registry.npmjs.org/nanoid/-/nanoid-3.3.14.tgz 0ms (cache hit)
646 http cache @esbuild/win32-x64@https://registry.npmjs.org/@esbuild/win32-x64/-/win32-x64-0.21.5.tgz 0ms (cache hit)
647 http cache @rollup/rollup-win32-x64-msvc@https://registry.npmjs.org/@rollup/rollup-win32-x64-msvc/-/rollup-win32-x64-msvc-4.62.2.tgz 0ms (cache hit)
648 http cache @rollup/rollup-win32-x64-gnu@https://registry.npmjs.org/@rollup/rollup-win32-x64-gnu/-/rollup-win32-x64-gnu-4.62.2.tgz 0ms (cache hit)
649 http cache rollup@https://registry.npmjs.org/rollup/-/rollup-4.62.2.tgz 0ms (cache hit)
650 http cache esbuild@https://registry.npmjs.org/esbuild/-/esbuild-0.21.5.tgz 0ms (cache hit)
651 http cache escalade@https://registry.npmjs.org/escalade/-/escalade-3.2.0.tgz 0ms (cache hit)
652 http cache postcss@https://registry.npmjs.org/postcss/-/postcss-8.5.15.tgz 0ms (cache hit)
653 http cache scheduler@https://registry.npmjs.org/scheduler/-/scheduler-0.23.2.tgz 0ms (cache hit)
654 http cache yallist@https://registry.npmjs.org/yallist/-/yallist-3.1.1.tgz 0ms (cache hit)
655 http cache ms@https://registry.npmjs.org/ms/-/ms-2.1.3.tgz 0ms (cache hit)
656 http cache update-browserslist-db@https://registry.npmjs.org/update-browserslist-db/-/update-browserslist-db-1.2.3.tgz 0ms (cache hit)
657 http cache node-releases@https://registry.npmjs.org/node-releases/-/node-releases-2.0.48.tgz 0ms (cache hit)
658 http cache electron-to-chromium@https://registry.npmjs.org/electron-to-chromium/-/electron-to-chromium-1.5.376.tgz 0ms (cache hit)
659 http cache caniuse-lite@https://registry.npmjs.org/caniuse-lite/-/caniuse-lite-1.0.30001799.tgz 0ms (cache hit)
660 http cache baseline-browser-mapping@https://registry.npmjs.org/baseline-browser-mapping/-/baseline-browser-mapping-2.10.38.tgz 0ms (cache hit)
661 http cache @types/babel__traverse@https://registry.npmjs.org/@types/babel__traverse/-/babel__traverse-7.28.0.tgz 0ms (cache hit)
662 http cache @types/babel__template@https://registry.npmjs.org/@types/babel__template/-/babel__template-7.4.4.tgz 0ms (cache hit)
663 http cache @types/babel__generator@https://registry.npmjs.org/@types/babel__generator/-/babel__generator-7.27.0.tgz 1ms (cache hit)
664 http cache @jridgewell/resolve-uri@https://registry.npmjs.org/@jridgewell/resolve-uri/-/resolve-uri-3.1.2.tgz 0ms (cache hit)
665 http cache @jridgewell/sourcemap-codec@https://registry.npmjs.org/@jridgewell/sourcemap-codec/-/sourcemap-codec-1.5.5.tgz 0ms (cache hit)
666 http cache lru-cache@https://registry.npmjs.org/lru-cache/-/lru-cache-5.1.1.tgz 0ms (cache hit)
667 http cache @babel/helper-string-parser@https://registry.npmjs.org/@babel/helper-string-parser/-/helper-string-parser-7.29.7.tgz 0ms (cache hit)
668 http cache browserslist@https://registry.npmjs.org/browserslist/-/browserslist-4.28.2.tgz 0ms (cache hit)
669 http cache @babel/helper-plugin-utils@https://registry.npmjs.org/@babel/helper-plugin-utils/-/helper-plugin-utils-7.29.7.tgz 0ms (cache hit)
670 http cache @babel/helper-globals@https://registry.npmjs.org/@babel/helper-globals/-/helper-globals-7.29.7.tgz 0ms (cache hit)
671 http cache @babel/helper-module-imports@https://registry.npmjs.org/@babel/helper-module-imports/-/helper-module-imports-7.29.7.tgz 0ms (cache hit)
672 http cache @jridgewell/trace-mapping@https://registry.npmjs.org/@jridgewell/trace-mapping/-/trace-mapping-0.3.31.tgz 0ms (cache hit)
673 http cache loose-envify@https://registry.npmjs.org/loose-envify/-/loose-envify-1.4.0.tgz 0ms (cache hit)
674 http cache picocolors@https://registry.npmjs.org/picocolors/-/picocolors-1.1.1.tgz 0ms (cache hit)
675 http cache @babel/helper-validator-option@https://registry.npmjs.org/@babel/helper-validator-option/-/helper-validator-option-7.29.7.tgz 0ms (cache hit)
676 http cache @jridgewell/gen-mapping@https://registry.npmjs.org/@jridgewell/gen-mapping/-/gen-mapping-0.3.13.tgz 0ms (cache hit)
677 http cache @babel/compat-data@https://registry.npmjs.org/@babel/compat-data/-/compat-data-7.29.7.tgz 0ms (cache hit)
678 http cache @babel/helper-validator-identifier@https://registry.npmjs.org/@babel/helper-validator-identifier/-/helper-validator-identifier-7.29.7.tgz 0ms (cache hit)
679 http cache semver@https://registry.npmjs.org/semver/-/semver-6.3.1.tgz 1ms (cache hit)
680 http cache js-tokens@https://registry.npmjs.org/js-tokens/-/js-tokens-4.0.0.tgz 0ms (cache hit)
681 http cache json5@https://registry.npmjs.org/json5/-/json5-2.2.3.tgz 0ms (cache hit)
682 http cache @jridgewell/remapping@https://registry.npmjs.org/@jridgewell/remapping/-/remapping-2.3.5.tgz 0ms (cache hit)
683 http cache gensync@https://registry.npmjs.org/gensync/-/gensync-1.0.0-beta.2.tgz 0ms (cache hit)
684 http cache convert-source-map@https://registry.npmjs.org/convert-source-map/-/convert-source-map-2.0.0.tgz 0ms (cache hit)
685 http cache debug@https://registry.npmjs.org/debug/-/debug-4.4.3.tgz 0ms (cache hit)
686 http cache @babel/traverse@https://registry.npmjs.org/@babel/traverse/-/traverse-7.29.7.tgz 0ms (cache hit)
687 http cache @babel/types@https://registry.npmjs.org/@babel/types/-/types-7.29.7.tgz 0ms (cache hit)
688 http cache @babel/helpers@https://registry.npmjs.org/@babel/helpers/-/helpers-7.29.7.tgz 0ms (cache hit)
689 http cache @babel/template@https://registry.npmjs.org/@babel/template/-/template-7.29.7.tgz 0ms (cache hit)
690 http cache @babel/helper-module-transforms@https://registry.npmjs.org/@babel/helper-module-transforms/-/helper-module-transforms-7.29.7.tgz 0ms (cache hit)
691 http cache react-refresh@https://registry.npmjs.org/react-refresh/-/react-refresh-0.17.0.tgz 0ms (cache hit)
692 http cache @types/babel__core@https://registry.npmjs.org/@types/babel__core/-/babel__core-7.20.5.tgz 0ms (cache hit)
693 http cache @babel/helper-compilation-targets@https://registry.npmjs.org/@babel/helper-compilation-targets/-/helper-compilation-targets-7.29.7.tgz 0ms (cache hit)
694 http cache @babel/parser@https://registry.npmjs.org/@babel/parser/-/parser-7.29.7.tgz 0ms (cache hit)
695 http cache @rolldown/pluginutils@https://registry.npmjs.org/@rolldown/pluginutils/-/pluginutils-1.0.0-beta.27.tgz 0ms (cache hit)
696 http cache @babel/code-frame@https://registry.npmjs.org/@babel/code-frame/-/code-frame-7.29.7.tgz 0ms (cache hit)
697 http cache @babel/generator@https://registry.npmjs.org/@babel/generator/-/generator-7.29.7.tgz 0ms (cache hit)
698 http cache typescript@https://registry.npmjs.org/typescript/-/typescript-5.9.3.tgz 0ms (cache hit)
699 http cache react-dom@https://registry.npmjs.org/react-dom/-/react-dom-18.3.1.tgz 0ms (cache hit)
700 http cache @babel/plugin-transform-react-jsx-source@https://registry.npmjs.org/@babel/plugin-transform-react-jsx-source/-/plugin-transform-react-jsx-source-7.29.7.tgz 0ms (cache hit)
701 http cache react@https://registry.npmjs.org/react/-/react-18.3.1.tgz 0ms (cache hit)
702 http cache @babel/plugin-transform-react-jsx-self@https://registry.npmjs.org/@babel/plugin-transform-react-jsx-self/-/plugin-transform-react-jsx-self-7.29.7.tgz 0ms (cache hit)
703 http cache jsesc@https://registry.npmjs.org/jsesc/-/jsesc-3.1.0.tgz 0ms (cache hit)
704 http cache @babel/core@https://registry.npmjs.org/@babel/core/-/core-7.29.7.tgz 0ms (cache hit)
705 silly tarball no local data for @types/estree@https://registry.npmjs.org/@types/estree/-/estree-1.0.9.tgz. Extracting by manifest.
706 silly tarball no local data for source-map-js@https://registry.npmjs.org/source-map-js/-/source-map-js-1.2.1.tgz. Extracting by manifest.
707 silly tarball no local data for nanoid@https://registry.npmjs.org/nanoid/-/nanoid-3.3.14.tgz. Extracting by manifest.
708 silly tarball no local data for @esbuild/win32-x64@https://registry.npmjs.org/@esbuild/win32-x64/-/win32-x64-0.21.5.tgz. Extracting by manifest.
709 silly tarball no local data for @rollup/rollup-win32-x64-msvc@https://registry.npmjs.org/@rollup/rollup-win32-x64-msvc/-/rollup-win32-x64-msvc-4.62.2.tgz. Extracting by manifest.
710 silly tarball no local data for @rollup/rollup-win32-x64-gnu@https://registry.npmjs.org/@rollup/rollup-win32-x64-gnu/-/rollup-win32-x64-gnu-4.62.2.tgz. Extracting by manifest.
711 silly tarball no local data for rollup@https://registry.npmjs.org/rollup/-/rollup-4.62.2.tgz. Extracting by manifest.
712 silly tarball no local data for esbuild@https://registry.npmjs.org/esbuild/-/esbuild-0.21.5.tgz. Extracting by manifest.
713 http cache @vitejs/plugin-react@https://registry.npmjs.org/@vitejs/plugin-react/-/plugin-react-4.7.0.tgz 0ms (cache hit)
714 silly tarball no local data for escalade@https://registry.npmjs.org/escalade/-/escalade-3.2.0.tgz. Extracting by manifest.
715 silly tarball no local data for postcss@https://registry.npmjs.org/postcss/-/postcss-8.5.15.tgz. Extracting by manifest.
716 silly tarball no local data for scheduler@https://registry.npmjs.org/scheduler/-/scheduler-0.23.2.tgz. Extracting by manifest.
717 silly tarball no local data for yallist@https://registry.npmjs.org/yallist/-/yallist-3.1.1.tgz. Extracting by manifest.
718 silly tarball no local data for ms@https://registry.npmjs.org/ms/-/ms-2.1.3.tgz. Extracting by manifest.
719 silly tarball no local data for update-browserslist-db@https://registry.npmjs.org/update-browserslist-db/-/update-browserslist-db-1.2.3.tgz. Extracting by manifest.
720 silly tarball no local data for node-releases@https://registry.npmjs.org/node-releases/-/node-releases-2.0.48.tgz. Extracting by manifest.
721 silly tarball no local data for electron-to-chromium@https://registry.npmjs.org/electron-to-chromium/-/electron-to-chromium-1.5.376.tgz. Extracting by manifest.
722 silly tarball no local data for caniuse-lite@https://registry.npmjs.org/caniuse-lite/-/caniuse-lite-1.0.30001799.tgz. Extracting by manifest.
723 silly tarball no local data for baseline-browser-mapping@https://registry.npmjs.org/baseline-browser-mapping/-/baseline-browser-mapping-2.10.38.tgz. Extracting by manifest.
724 silly tarball no local data for @types/babel__traverse@https://registry.npmjs.org/@types/babel__traverse/-/babel__traverse-7.28.0.tgz. Extracting by manifest.
725 silly tarball no local data for @types/babel__template@https://registry.npmjs.org/@types/babel__template/-/babel__template-7.4.4.tgz. Extracting by manifest.
726 silly tarball no local data for @types/babel__generator@https://registry.npmjs.org/@types/babel__generator/-/babel__generator-7.27.0.tgz. Extracting by manifest.
727 silly tarball no local data for @jridgewell/resolve-uri@https://registry.npmjs.org/@jridgewell/resolve-uri/-/resolve-uri-3.1.2.tgz. Extracting by manifest.
728 silly tarball no local data for @jridgewell/sourcemap-codec@https://registry.npmjs.org/@jridgewell/sourcemap-codec/-/sourcemap-codec-1.5.5.tgz. Extracting by manifest.
729 silly tarball no local data for lru-cache@https://registry.npmjs.org/lru-cache/-/lru-cache-5.1.1.tgz. Extracting by manifest.
730 silly tarball no local data for @babel/helper-string-parser@https://registry.npmjs.org/@babel/helper-string-parser/-/helper-string-parser-7.29.7.tgz. Extracting by manifest.
731 silly tarball no local data for browserslist@https://registry.npmjs.org/browserslist/-/browserslist-4.28.2.tgz. Extracting by manifest.
732 silly tarball no local data for @babel/helper-plugin-utils@https://registry.npmjs.org/@babel/helper-plugin-utils/-/helper-plugin-utils-7.29.7.tgz. Extracting by manifest.
733 silly tarball no local data for @babel/helper-globals@https://registry.npmjs.org/@babel/helper-globals/-/helper-globals-7.29.7.tgz. Extracting by manifest.
734 silly tarball no local data for @babel/helper-module-imports@https://registry.npmjs.org/@babel/helper-module-imports/-/helper-module-imports-7.29.7.tgz. Extracting by manifest.
735 http cache vite@https://registry.npmjs.org/vite/-/vite-5.4.21.tgz 0ms (cache hit)
736 silly tarball no local data for @jridgewell/trace-mapping@https://registry.npmjs.org/@jridgewell/trace-mapping/-/trace-mapping-0.3.31.tgz. Extracting by manifest.
737 silly tarball no local data for loose-envify@https://registry.npmjs.org/loose-envify/-/loose-envify-1.4.0.tgz. Extracting by manifest.
738 silly tarball no local data for picocolors@https://registry.npmjs.org/picocolors/-/picocolors-1.1.1.tgz. Extracting by manifest.
739 silly tarball no local data for @babel/helper-validator-option@https://registry.npmjs.org/@babel/helper-validator-option/-/helper-validator-option-7.29.7.tgz. Extracting by manifest.
740 silly tarball no local data for @jridgewell/gen-mapping@https://registry.npmjs.org/@jridgewell/gen-mapping/-/gen-mapping-0.3.13.tgz. Extracting by manifest.
741 silly tarball no local data for @babel/compat-data@https://registry.npmjs.org/@babel/compat-data/-/compat-data-7.29.7.tgz. Extracting by manifest.
742 silly tarball no local data for @babel/helper-validator-identifier@https://registry.npmjs.org/@babel/helper-validator-identifier/-/helper-validator-identifier-7.29.7.tgz. Extracting by manifest.
743 silly tarball no local data for semver@https://registry.npmjs.org/semver/-/semver-6.3.1.tgz. Extracting by manifest.
744 silly tarball no local data for js-tokens@https://registry.npmjs.org/js-tokens/-/js-tokens-4.0.0.tgz. Extracting by manifest.
745 silly tarball no local data for json5@https://registry.npmjs.org/json5/-/json5-2.2.3.tgz. Extracting by manifest.
746 silly tarball no local data for @jridgewell/remapping@https://registry.npmjs.org/@jridgewell/remapping/-/remapping-2.3.5.tgz. Extracting by manifest.
747 silly tarball no local data for gensync@https://registry.npmjs.org/gensync/-/gensync-1.0.0-beta.2.tgz. Extracting by manifest.
748 silly tarball no local data for convert-source-map@https://registry.npmjs.org/convert-source-map/-/convert-source-map-2.0.0.tgz. Extracting by manifest.
749 silly tarball no local data for debug@https://registry.npmjs.org/debug/-/debug-4.4.3.tgz. Extracting by manifest.
750 silly tarball no local data for @babel/traverse@https://registry.npmjs.org/@babel/traverse/-/traverse-7.29.7.tgz. Extracting by manifest.
751 silly tarball no local data for @babel/types@https://registry.npmjs.org/@babel/types/-/types-7.29.7.tgz. Extracting by manifest.
752 silly tarball no local data for @babel/helpers@https://registry.npmjs.org/@babel/helpers/-/helpers-7.29.7.tgz. Extracting by manifest.
753 silly tarball no local data for @babel/template@https://registry.npmjs.org/@babel/template/-/template-7.29.7.tgz. Extracting by manifest.
754 silly tarball no local data for @babel/helper-module-transforms@https://registry.npmjs.org/@babel/helper-module-transforms/-/helper-module-transforms-7.29.7.tgz. Extracting by manifest.
755 silly tarball no local data for react-refresh@https://registry.npmjs.org/react-refresh/-/react-refresh-0.17.0.tgz. Extracting by manifest.
756 silly tarball no local data for @types/babel__core@https://registry.npmjs.org/@types/babel__core/-/babel__core-7.20.5.tgz. Extracting by manifest.
757 silly tarball no local data for @babel/helper-compilation-targets@https://registry.npmjs.org/@babel/helper-compilation-targets/-/helper-compilation-targets-7.29.7.tgz. Extracting by manifest.
758 silly tarball no local data for @babel/parser@https://registry.npmjs.org/@babel/parser/-/parser-7.29.7.tgz. Extracting by manifest.
759 silly tarball no local data for @rolldown/pluginutils@https://registry.npmjs.org/@rolldown/pluginutils/-/pluginutils-1.0.0-beta.27.tgz. Extracting by manifest.
760 silly tarball no local data for @babel/code-frame@https://registry.npmjs.org/@babel/code-frame/-/code-frame-7.29.7.tgz. Extracting by manifest.
761 silly tarball no local data for @babel/generator@https://registry.npmjs.org/@babel/generator/-/generator-7.29.7.tgz. Extracting by manifest.
762 silly tarball no local data for typescript@https://registry.npmjs.org/typescript/-/typescript-5.9.3.tgz. Extracting by manifest.
763 silly tarball no local data for react-dom@https://registry.npmjs.org/react-dom/-/react-dom-18.3.1.tgz. Extracting by manifest.
764 silly tarball no local data for @babel/plugin-transform-react-jsx-source@https://registry.npmjs.org/@babel/plugin-transform-react-jsx-source/-/plugin-transform-react-jsx-source-7.29.7.tgz. Extracting by manifest.
765 silly tarball no local data for react@https://registry.npmjs.org/react/-/react-18.3.1.tgz. Extracting by manifest.
766 silly tarball no local data for @babel/plugin-transform-react-jsx-self@https://registry.npmjs.org/@babel/plugin-transform-react-jsx-self/-/plugin-transform-react-jsx-self-7.29.7.tgz. Extracting by manifest.
767 silly tarball no local data for jsesc@https://registry.npmjs.org/jsesc/-/jsesc-3.1.0.tgz. Extracting by manifest.
768 silly tarball no local data for @babel/core@https://registry.npmjs.org/@babel/core/-/core-7.29.7.tgz. Extracting by manifest.
769 silly tarball no local data for @vitejs/plugin-react@https://registry.npmjs.org/@vitejs/plugin-react/-/plugin-react-4.7.0.tgz. Extracting by manifest.
770 silly tarball no local data for vite@https://registry.npmjs.org/vite/-/vite-5.4.21.tgz. Extracting by manifest.
771 http fetch GET 200 https://registry.npmjs.org/nanoid/-/nanoid-3.3.14.tgz 153ms (cache miss)
772 http fetch GET 200 https://registry.npmjs.org/@types/estree/-/estree-1.0.9.tgz 163ms (cache miss)
773 http fetch GET 200 https://registry.npmjs.org/node-releases/-/node-releases-2.0.48.tgz 201ms (cache miss)
774 http fetch POST 200 https://registry.npmjs.org/-/npm/v1/security/advisories/bulk 324ms
775 silly audit report {
775 silly audit report   vite: [
775 silly audit report     {
775 silly audit report       id: 1120784,
775 silly audit report       url: 'https://github.com/advisories/GHSA-v6wh-96g9-6wx3',
775 silly audit report       title: 'launch-editor: NTLMv2 hash disclosure via UNC path handling on Windows',
775 silly audit report       severity: 'moderate',
775 silly audit report       vulnerable_versions: '<=6.4.2',
775 silly audit report       cwe: [Array],
775 silly audit report       cvss: [Object]
775 silly audit report     },
775 silly audit report     {
775 silly audit report       id: 1120789,
775 silly audit report       url: 'https://github.com/advisories/GHSA-fx2h-pf6j-xcff',
775 silly audit report       title: 'vite: `server.fs.deny` bypass on Windows alternate paths',
775 silly audit report       severity: 'high',
775 silly audit report       vulnerable_versions: '<=6.4.2',
775 silly audit report       cwe: [Array],
775 silly audit report       cvss: [Object]
775 silly audit report     },
775 silly audit report     {
775 silly audit report       id: 1116229,
775 silly audit report       url: 'https://github.com/advisories/GHSA-4w7w-66w2-5vf9',
775 silly audit report       title: 'Vite Vulnerable to Path Traversal in Optimized Deps `.map` Handling',
775 silly audit report       severity: 'moderate',
775 silly audit report       vulnerable_versions: '<=6.4.1',
775 silly audit report       cwe: [Array],
775 silly audit report       cvss: [Object]
775 silly audit report     }
775 silly audit report   ],
775 silly audit report   esbuild: [
775 silly audit report     {
775 silly audit report       id: 1102341,
775 silly audit report       url: 'https://github.com/advisories/GHSA-67mh-4wv8-2f99',
775 silly audit report       title: 'esbuild enables any website to send any requests to the development server and read the response',
775 silly audit report       severity: 'moderate',
775 silly audit report       vulnerable_versions: '<=0.24.2',
775 silly audit report       cwe: [Array],
775 silly audit report       cvss: [Object]
775 silly audit report     }
775 silly audit report   ]
775 silly audit report }
776 silly packumentCache corgi:https://registry.npmjs.org/vite cache-miss
777 silly packumentCache corgi:https://registry.npmjs.org/esbuild cache-miss
778 http fetch GET 200 https://registry.npmjs.org/@types/babel__traverse/-/babel__traverse-7.28.0.tgz 318ms (cache miss)
779 http fetch GET 200 https://registry.npmjs.org/electron-to-chromium/-/electron-to-chromium-1.5.376.tgz 367ms (cache miss)
780 http fetch GET 200 https://registry.npmjs.org/@types/babel__template/-/babel__template-7.4.4.tgz 371ms (cache miss)
781 http fetch GET 200 https://registry.npmjs.org/escalade/-/escalade-3.2.0.tgz 387ms (cache miss)
782 http fetch GET 200 https://registry.npmjs.org/@types/babel__generator/-/babel__generator-7.27.0.tgz 401ms (cache miss)
783 http fetch GET 200 https://registry.npmjs.org/baseline-browser-mapping/-/baseline-browser-mapping-2.10.38.tgz 416ms (cache miss)
784 http fetch GET 200 https://registry.npmjs.org/lru-cache/-/lru-cache-5.1.1.tgz 414ms (cache miss)
785 http fetch GET 200 https://registry.npmjs.org/yallist/-/yallist-3.1.1.tgz 426ms (cache miss)
786 http fetch GET 200 https://registry.npmjs.org/@jridgewell/resolve-uri/-/resolve-uri-3.1.2.tgz 416ms (cache miss)
787 http fetch GET 200 https://registry.npmjs.org/ms/-/ms-2.1.3.tgz 430ms (cache miss)
788 http fetch GET 200 https://registry.npmjs.org/@babel/helper-globals/-/helper-globals-7.29.7.tgz 437ms (cache miss)
789 http fetch GET 200 https://registry.npmjs.org/update-browserslist-db/-/update-browserslist-db-1.2.3.tgz 463ms (cache miss)
790 http fetch GET 200 https://registry.npmjs.org/source-map-js/-/source-map-js-1.2.1.tgz 501ms (cache miss)
791 http fetch GET 200 https://registry.npmjs.org/@babel/helper-validator-option/-/helper-validator-option-7.29.7.tgz 482ms (cache miss)
792 http fetch GET 200 https://registry.npmjs.org/@babel/helper-string-parser/-/helper-string-parser-7.29.7.tgz 496ms (cache miss)
793 http fetch GET 200 https://registry.npmjs.org/picocolors/-/picocolors-1.1.1.tgz 501ms (cache miss)
794 http fetch GET 200 https://registry.npmjs.org/js-tokens/-/js-tokens-4.0.0.tgz 527ms (cache miss)
795 http fetch GET 200 https://registry.npmjs.org/@babel/helper-plugin-utils/-/helper-plugin-utils-7.29.7.tgz 565ms (cache miss)
796 http fetch GET 200 https://registry.npmjs.org/convert-source-map/-/convert-source-map-2.0.0.tgz 571ms (cache miss)
797 http fetch GET 200 https://registry.npmjs.org/loose-envify/-/loose-envify-1.4.0.tgz 633ms (cache miss)
798 http fetch GET 200 https://registry.npmjs.org/semver/-/semver-6.3.1.tgz 640ms (cache miss)
799 http fetch GET 200 https://registry.npmjs.org/esbuild/-/esbuild-0.21.5.tgz 681ms (cache miss)
800 http fetch GET 200 https://registry.npmjs.org/browserslist/-/browserslist-4.28.2.tgz 664ms (cache miss)
801 http fetch GET 200 https://registry.npmjs.org/@types/babel__core/-/babel__core-7.20.5.tgz 658ms (cache miss)
802 http fetch GET 200 https://registry.npmjs.org/@babel/code-frame/-/code-frame-7.29.7.tgz 723ms (cache miss)
803 http fetch GET 200 https://registry.npmjs.org/react-refresh/-/react-refresh-0.17.0.tgz 725ms (cache miss)
804 http fetch GET 200 https://registry.npmjs.org/gensync/-/gensync-1.0.0-beta.2.tgz 745ms (cache miss)
805 http fetch GET 200 https://registry.npmjs.org/@babel/helper-validator-identifier/-/helper-validator-identifier-7.29.7.tgz 773ms (cache miss)
806 http fetch GET 200 https://registry.npmjs.org/@babel/plugin-transform-react-jsx-source/-/plugin-transform-react-jsx-source-7.29.7.tgz 766ms (cache miss)
807 http fetch GET 200 https://registry.npmjs.org/scheduler/-/scheduler-0.23.2.tgz 802ms (cache miss)
808 http fetch GET 200 https://registry.npmjs.org/@babel/helper-module-imports/-/helper-module-imports-7.29.7.tgz 797ms (cache miss)
809 http fetch GET 200 https://registry.npmjs.org/@babel/plugin-transform-react-jsx-self/-/plugin-transform-react-jsx-self-7.29.7.tgz 798ms (cache miss)
810 http fetch GET 200 https://registry.npmjs.org/jsesc/-/jsesc-3.1.0.tgz 801ms (cache miss)
811 http fetch GET 200 https://registry.npmjs.org/@rolldown/pluginutils/-/pluginutils-1.0.0-beta.27.tgz 821ms (cache miss)
812 http fetch GET 200 https://registry.npmjs.org/@rollup/rollup-win32-x64-gnu/-/rollup-win32-x64-gnu-4.62.2.tgz 858ms (cache miss)
813 http fetch GET 200 https://registry.npmjs.org/debug/-/debug-4.4.3.tgz 834ms (cache miss)
814 http fetch GET 200 https://registry.npmjs.org/@babel/compat-data/-/compat-data-7.29.7.tgz 848ms (cache miss)
815 http fetch GET 200 https://registry.npmjs.org/@vitejs/plugin-react/-/plugin-react-4.7.0.tgz 852ms (cache miss)
816 http fetch GET 200 https://registry.npmjs.org/@rollup/rollup-win32-x64-msvc/-/rollup-win32-x64-msvc-4.62.2.tgz 922ms (cache miss)
817 http fetch GET 200 https://registry.npmjs.org/@babel/helper-compilation-targets/-/helper-compilation-targets-7.29.7.tgz 917ms (cache miss)
818 http fetch GET 200 https://registry.npmjs.org/@jridgewell/sourcemap-codec/-/sourcemap-codec-1.5.5.tgz 967ms (cache miss)
819 http fetch GET 200 https://registry.npmjs.org/json5/-/json5-2.2.3.tgz 962ms (cache miss)
820 http fetch GET 200 https://registry.npmjs.org/@babel/helper-module-transforms/-/helper-module-transforms-7.29.7.tgz 956ms (cache miss)
821 http fetch GET 200 https://registry.npmjs.org/@babel/template/-/template-7.29.7.tgz 1004ms (cache miss)
822 http fetch GET 200 https://registry.npmjs.org/react/-/react-18.3.1.tgz 1029ms (cache miss)
823 http fetch GET 200 https://registry.npmjs.org/@jridgewell/gen-mapping/-/gen-mapping-0.3.13.tgz 1092ms (cache miss)
824 http fetch GET 200 https://registry.npmjs.org/@jridgewell/remapping/-/remapping-2.3.5.tgz 1090ms (cache miss)
825 http fetch GET 200 https://registry.npmjs.org/@babel/parser/-/parser-7.29.7.tgz 1161ms (cache miss)
826 http fetch GET 200 https://registry.npmjs.org/esbuild 993ms (cache miss)
827 silly packumentCache corgi:https://registry.npmjs.org/esbuild set size:undefined disposed:false
828 http fetch GET 200 https://registry.npmjs.org/vite 1143ms (cache miss)
829 silly packumentCache corgi:https://registry.npmjs.org/vite set size:undefined disposed:false
830 silly packumentCache corgi:https://registry.npmjs.org/@vitejs%2fplugin-react cache-miss
831 http fetch GET 200 https://registry.npmjs.org/@jridgewell/trace-mapping/-/trace-mapping-0.3.31.tgz 1529ms (cache miss)
832 http fetch GET 200 https://registry.npmjs.org/postcss/-/postcss-8.5.15.tgz 1551ms (cache miss)
833 http fetch GET 200 https://registry.npmjs.org/rollup/-/rollup-4.62.2.tgz 1618ms (cache miss)
834 http fetch GET 200 https://registry.npmjs.org/@babel/generator/-/generator-7.29.7.tgz 1614ms (cache miss)
835 http fetch GET 200 https://registry.npmjs.org/@vitejs%2fplugin-react 135ms (cache miss)
836 silly packumentCache corgi:https://registry.npmjs.org/@vitejs%2fplugin-react set size:undefined disposed:false
837 http fetch GET 200 https://registry.npmjs.org/vite/-/vite-5.4.21.tgz 1904ms (cache miss)
838 http fetch GET 200 https://registry.npmjs.org/react-dom/-/react-dom-18.3.1.tgz 1945ms (cache miss)
839 http fetch GET 200 https://registry.npmjs.org/@esbuild/win32-x64/-/win32-x64-0.21.5.tgz 2040ms (cache miss)
840 http fetch GET 200 https://registry.npmjs.org/@babel/traverse/-/traverse-7.29.7.tgz 2026ms (cache miss)
841 http fetch GET 200 https://registry.npmjs.org/@babel/core/-/core-7.29.7.tgz 2299ms (cache miss)
842 http fetch GET 200 https://registry.npmjs.org/@babel/types/-/types-7.29.7.tgz 2461ms (cache miss)
843 http fetch GET 200 https://registry.npmjs.org/@babel/helpers/-/helpers-7.29.7.tgz 2531ms (cache miss)
844 http fetch GET 200 https://registry.npmjs.org/typescript/-/typescript-5.9.3.tgz 2621ms (cache miss)
845 http fetch GET 200 https://registry.npmjs.org/caniuse-lite/-/caniuse-lite-1.0.30001799.tgz 3424ms (cache miss)
846 info run esbuild@0.21.5 postinstall node_modules/esbuild node install.js
847 info run esbuild@0.21.5 postinstall { code: 0, signal: null }
848 silly ADD node_modules/@types/estree
849 silly ADD node_modules/@rollup/rollup-win32-x64-msvc
850 silly ADD node_modules/@rollup/rollup-win32-x64-gnu
851 silly ADD node_modules/source-map-js
852 silly ADD node_modules/nanoid
853 silly ADD node_modules/@esbuild/win32-x64
854 silly ADD node_modules/rollup
855 silly ADD node_modules/postcss
856 silly ADD node_modules/esbuild
857 silly ADD node_modules/escalade
858 silly ADD node_modules/scheduler
859 silly ADD node_modules/loose-envify
860 silly ADD node_modules/yallist
861 silly ADD node_modules/ms
862 silly ADD node_modules/update-browserslist-db
863 silly ADD node_modules/node-releases
864 silly ADD node_modules/electron-to-chromium
865 silly ADD node_modules/caniuse-lite
866 silly ADD node_modules/baseline-browser-mapping
867 silly ADD node_modules/@types/babel__traverse
868 silly ADD node_modules/@types/babel__template
869 silly ADD node_modules/@types/babel__generator
870 silly ADD node_modules/@jridgewell/resolve-uri
871 silly ADD node_modules/@jridgewell/sourcemap-codec
872 silly ADD node_modules/@babel/helper-string-parser
873 silly ADD node_modules/@babel/helper-globals
874 silly ADD node_modules/@babel/helper-plugin-utils
875 silly ADD node_modules/@babel/helper-module-imports
876 silly ADD node_modules/lru-cache
877 silly ADD node_modules/browserslist
878 silly ADD node_modules/@babel/helper-validator-option
879 silly ADD node_modules/@babel/compat-data
880 silly ADD node_modules/jsesc
881 silly ADD node_modules/@jridgewell/trace-mapping
882 silly ADD node_modules/@jridgewell/gen-mapping
883 silly ADD node_modules/picocolors
884 silly ADD node_modules/js-tokens
885 silly ADD node_modules/@babel/helper-validator-identifier
886 silly ADD node_modules/semver
887 silly ADD node_modules/json5
888 silly ADD node_modules/gensync
889 silly ADD node_modules/debug
890 silly ADD node_modules/convert-source-map
891 silly ADD node_modules/@jridgewell/remapping
892 silly ADD node_modules/@babel/types
893 silly ADD node_modules/@babel/traverse
894 silly ADD node_modules/@babel/template
895 silly ADD node_modules/@babel/parser
896 silly ADD node_modules/@babel/helpers
897 silly ADD node_modules/@babel/helper-module-transforms
898 silly ADD node_modules/@babel/helper-compilation-targets
899 silly ADD node_modules/@babel/generator
900 silly ADD node_modules/@babel/code-frame
901 silly ADD node_modules/react-refresh
902 silly ADD node_modules/@types/babel__core
903 silly ADD node_modules/@rolldown/pluginutils
904 silly ADD node_modules/@babel/plugin-transform-react-jsx-source
905 silly ADD node_modules/@babel/plugin-transform-react-jsx-self
906 silly ADD node_modules/@babel/core
907 silly ADD node_modules/typescript
908 silly ADD node_modules/react-dom
909 silly ADD node_modules/react
910 silly ADD node_modules/vite
911 silly ADD node_modules/@vitejs/plugin-react
912 verbose cwd D:\TKJ\parking-violation-portal\frontend
913 verbose os Windows_NT 10.0.26100
914 verbose node v24.12.0
915 verbose npm  v11.6.2
916 notice
916 notice New [33mminor[39m version of npm available! [33m11.6.2[39m -> [34m11.17.0[39m
916 notice Changelog: [34mhttps://github.com/npm/cli/releases/tag/v11.17.0[39m
916 notice To update run: [4mnpm install -g npm@11.17.0[24m
916 notice  { force: true, Symbol(proc-log.meta): true }
917 verbose exit 0
918 info ok
